// Validating benchmarks:
// ***** BenchmarkRunner: Start   *****
// ***** Found 3 benchmark(s) in total *****
// ***** Building 1 exe(s) in Parallel: Start   *****
// start dotnet  restore /p:UseSharedCompilation=false /p:BuildInParallel=false /m:1 /p:Deterministic=true /p:Optimize=true in /Users/a1/Documents/GitHub/PizzaJam2026/Server/Framework/Benchmarks/Deterministic.GameFramework.Navigation.Benchmarks/bin/Release/net8.0/039e4371-db8b-4d0b-b496-a776e643b6ed
// command took 1.56 sec and exited with 0
// start dotnet  build -c Release --no-restore /p:UseSharedCompilation=false /p:BuildInParallel=false /m:1 /p:Deterministic=true /p:Optimize=true in /Users/a1/Documents/GitHub/PizzaJam2026/Server/Framework/Benchmarks/Deterministic.GameFramework.Navigation.Benchmarks/bin/Release/net8.0/039e4371-db8b-4d0b-b496-a776e643b6ed
// command took 3.12 sec and exited with 0
// ***** Done, took 00:00:04 (4.76 sec)   *****
// Found 3 benchmarks:
//   PathfindingAllocationBenchmark.AllAgentsRepath: Job-FBRURE(Runtime=.NET 8.0, IterationCount=5, WarmupCount=2) [AgentCount=1]
//   PathfindingAllocationBenchmark.AllAgentsRepath: Job-FBRURE(Runtime=.NET 8.0, IterationCount=5, WarmupCount=2) [AgentCount=10]
//   PathfindingAllocationBenchmark.AllAgentsRepath: Job-FBRURE(Runtime=.NET 8.0, IterationCount=5, WarmupCount=2) [AgentCount=50]

// **************************
// Benchmark: PathfindingAllocationBenchmark.AllAgentsRepath: Job-FBRURE(Runtime=.NET 8.0, IterationCount=5, WarmupCount=2) [AgentCount=1]
// *** Execute ***
// Launch: 1 / 1
// Execute: dotnet 039e4371-db8b-4d0b-b496-a776e643b6ed.dll --anonymousPipes 119 120 --benchmarkName "Deterministic.GameFramework.Navigation.Benchmarks.PathfindingAllocationBenchmark.AllAgentsRepath(AgentCount: 1)" --job "Runtime=.NET 8.0, IterationCount=5, WarmupCount=2" --benchmarkId 0 in /Users/a1/Documents/GitHub/PizzaJam2026/Server/Framework/Benchmarks/Deterministic.GameFramework.Navigation.Benchmarks/bin/Release/net8.0/039e4371-db8b-4d0b-b496-a776e643b6ed/bin/Release/net8.0
// Failed to set up high priority (Permission denied). In order to run benchmarks with high priority, make sure you have the right permissions.
// BeforeAnythingElse

// Benchmark Process Environment Information:
// BenchmarkDotNet v0.13.12
// Runtime=.NET 8.0.19 (8.0.1925.36514), Arm64 RyuJIT AdvSIMD
// GC=Concurrent Workstation
// HardwareIntrinsics=AdvSIMD,AES,CRC32,DP,RDM,SHA1,SHA256 VectorSize=128
// Job: Job-PAPUWE(IterationCount=5, WarmupCount=2)

[ComponentId] Registered World -> Local(0) Stable(Stable(00000000-0000-0000-0000-000072b3622d))
[ComponentId] Registered Transform2D -> Local(1) Stable(Stable(aafea77a-2300-4eef-9ffc-071170bb9a26))
[ComponentId] Registered NavigationRegion2D -> Local(2) Stable(Stable(b7e2a1c3-4d56-4f89-a012-3e4f5a6b7c8d))
[ComponentId] Registered NavigationAgent2D -> Local(3) Stable(Stable(c8f3b2d4-5e67-4a90-b123-4f5a6b7c8d9e))
[ComponentId] Registered NavigationObstacle2D -> Local(4) Stable(Stable(d9a4c3e5-6f78-4b01-c234-5a6b7c8d9e0f))
[ComponentId] Registered NavigationWorld2D -> Local(5) Stable(Stable(ea5b4d6c-7f89-4012-d345-6a7b8c9d0e1f))
[ComponentId] Registered CharacterBody2D -> Local(6) Stable(Stable(1f3b7788-2947-4d66-9d33-1275d2757278))
[ComponentId] Registered Area2D -> Local(7) Stable(Stable(42ac8ac3-53d6-40ca-9f7e-5daee2548ba6))
[ComponentId] Registered StaticBody2D -> Local(8) Stable(Stable(56221147-3807-449e-8c88-e92544a47833))
[ComponentId] Registered RigidBody2D -> Local(9) Stable(Stable(8014592a-3375-4c07-ae29-598114227003))
[ComponentId] Registered CollisionShape2D -> Local(10) Stable(Stable(c9075775-7634-45e0-a006-037000784226))
[ComponentId] Registered PhysicsWorldState -> Local(11) Stable(Stable(fb4fe7e4-2244-48ea-9ec5-0a972a3861d4))
OverheadJitting  1: 1 op, 106917.00 ns, 106.9170 us/op
WorkloadJitting  1: 1 op, 2800625.00 ns, 2.8006 ms/op

OverheadJitting  2: 16 op, 116958.00 ns, 7.3099 us/op
WorkloadJitting  2: 16 op, 792791.00 ns, 49.5494 us/op

WorkloadPilot    1: 16 op, 710750.00 ns, 44.4219 us/op
WorkloadPilot    2: 32 op, 1366792.00 ns, 42.7122 us/op
WorkloadPilot    3: 64 op, 2518291.00 ns, 39.3483 us/op
WorkloadPilot    4: 128 op, 5156167.00 ns, 40.2826 us/op
WorkloadPilot    5: 256 op, 10004250.00 ns, 39.0791 us/op
WorkloadPilot    6: 512 op, 19788292.00 ns, 38.6490 us/op
WorkloadPilot    7: 1024 op, 38460167.00 ns, 37.5588 us/op
WorkloadPilot    8: 2048 op, 75487166.00 ns, 36.8590 us/op
WorkloadPilot    9: 4096 op, 189311500.00 ns, 46.2186 us/op
WorkloadPilot   10: 8192 op, 218056625.00 ns, 26.6182 us/op
WorkloadPilot   11: 16384 op, 88338750.00 ns, 5.3918 us/op
WorkloadPilot   12: 32768 op, 176401541.00 ns, 5.3833 us/op
WorkloadPilot   13: 65536 op, 352528292.00 ns, 5.3792 us/op
WorkloadPilot   14: 131072 op, 702228791.00 ns, 5.3576 us/op

OverheadWarmup   1: 131072 op, 293958.00 ns, 2.2427 ns/op
OverheadWarmup   2: 131072 op, 261167.00 ns, 1.9925 ns/op
OverheadWarmup   3: 131072 op, 260125.00 ns, 1.9846 ns/op
OverheadWarmup   4: 131072 op, 263250.00 ns, 2.0084 ns/op
OverheadWarmup   5: 131072 op, 258958.00 ns, 1.9757 ns/op
OverheadWarmup   6: 131072 op, 258667.00 ns, 1.9735 ns/op
OverheadWarmup   7: 131072 op, 262416.00 ns, 2.0021 ns/op
OverheadWarmup   8: 131072 op, 272500.00 ns, 2.0790 ns/op
OverheadWarmup   9: 131072 op, 263375.00 ns, 2.0094 ns/op

OverheadActual   1: 131072 op, 261625.00 ns, 1.9960 ns/op
OverheadActual   2: 131072 op, 259000.00 ns, 1.9760 ns/op
OverheadActual   3: 131072 op, 258458.00 ns, 1.9719 ns/op
OverheadActual   4: 131072 op, 265500.00 ns, 2.0256 ns/op
OverheadActual   5: 131072 op, 264042.00 ns, 2.0145 ns/op
OverheadActual   6: 131072 op, 259584.00 ns, 1.9805 ns/op
OverheadActual   7: 131072 op, 262958.00 ns, 2.0062 ns/op
OverheadActual   8: 131072 op, 268500.00 ns, 2.0485 ns/op
OverheadActual   9: 131072 op, 259125.00 ns, 1.9770 ns/op
OverheadActual  10: 131072 op, 259250.00 ns, 1.9779 ns/op
OverheadActual  11: 131072 op, 260875.00 ns, 1.9903 ns/op
OverheadActual  12: 131072 op, 258791.00 ns, 1.9744 ns/op
OverheadActual  13: 131072 op, 263083.00 ns, 2.0072 ns/op
OverheadActual  14: 131072 op, 290542.00 ns, 2.2167 ns/op
OverheadActual  15: 131072 op, 266000.00 ns, 2.0294 ns/op

WorkloadWarmup   1: 131072 op, 711898125.00 ns, 5.4314 us/op
WorkloadWarmup   2: 131072 op, 701915083.00 ns, 5.3552 us/op

// BeforeActualRun
WorkloadActual   1: 131072 op, 702704250.00 ns, 5.3612 us/op
WorkloadActual   2: 131072 op, 704879959.00 ns, 5.3778 us/op
WorkloadActual   3: 131072 op, 703954834.00 ns, 5.3707 us/op
WorkloadActual   4: 131072 op, 706648792.00 ns, 5.3913 us/op
WorkloadActual   5: 131072 op, 709437833.00 ns, 5.4126 us/op

// AfterActualRun
WorkloadResult   1: 131072 op, 702442625.00 ns, 5.3592 us/op
WorkloadResult   2: 131072 op, 704618334.00 ns, 5.3758 us/op
WorkloadResult   3: 131072 op, 703693209.00 ns, 5.3688 us/op
WorkloadResult   4: 131072 op, 706387167.00 ns, 5.3893 us/op
WorkloadResult   5: 131072 op, 709176208.00 ns, 5.4106 us/op
// GC:  5 0 0 42992352 131072
// Threading:  0 0 131072

// AfterAll
// Benchmark Process 21059 has exited with code 0.

Mean = 5.381 μs, StdErr = 0.009 μs (0.17%), N = 5, StdDev = 0.020 μs
Min = 5.359 μs, Q1 = 5.369 μs, Median = 5.376 μs, Q3 = 5.389 μs, Max = 5.411 μs
IQR = 0.021 μs, LowerFence = 5.338 μs, UpperFence = 5.420 μs
ConfidenceInterval = [5.304 μs; 5.458 μs] (CI 99.9%), Margin = 0.077 μs (1.43% of Mean)
Skewness = 0.39, Kurtosis = 1.3, MValue = 2

// ** Remained 2 (66,7 %) benchmark(s) to run. Estimated finish 2026-03-26 13:34 (0h 0m from now) **
// **************************
// Benchmark: PathfindingAllocationBenchmark.AllAgentsRepath: Job-FBRURE(Runtime=.NET 8.0, IterationCount=5, WarmupCount=2) [AgentCount=10]
// *** Execute ***
// Launch: 1 / 1
// Execute: dotnet 039e4371-db8b-4d0b-b496-a776e643b6ed.dll --anonymousPipes 121 122 --benchmarkName "Deterministic.GameFramework.Navigation.Benchmarks.PathfindingAllocationBenchmark.AllAgentsRepath(AgentCount: 10)" --job "Runtime=.NET 8.0, IterationCount=5, WarmupCount=2" --benchmarkId 1 in /Users/a1/Documents/GitHub/PizzaJam2026/Server/Framework/Benchmarks/Deterministic.GameFramework.Navigation.Benchmarks/bin/Release/net8.0/039e4371-db8b-4d0b-b496-a776e643b6ed/bin/Release/net8.0
// Failed to set up high priority (Permission denied). In order to run benchmarks with high priority, make sure you have the right permissions.
// BeforeAnythingElse

// Benchmark Process Environment Information:
// BenchmarkDotNet v0.13.12
// Runtime=.NET 8.0.19 (8.0.1925.36514), Arm64 RyuJIT AdvSIMD
// GC=Concurrent Workstation
// HardwareIntrinsics=AdvSIMD,AES,CRC32,DP,RDM,SHA1,SHA256 VectorSize=128
// Job: Job-LWFJNV(IterationCount=5, WarmupCount=2)

[ComponentId] Registered World -> Local(0) Stable(Stable(00000000-0000-0000-0000-000072b3622d))
[ComponentId] Registered Transform2D -> Local(1) Stable(Stable(aafea77a-2300-4eef-9ffc-071170bb9a26))
[ComponentId] Registered NavigationRegion2D -> Local(2) Stable(Stable(b7e2a1c3-4d56-4f89-a012-3e4f5a6b7c8d))
[ComponentId] Registered NavigationAgent2D -> Local(3) Stable(Stable(c8f3b2d4-5e67-4a90-b123-4f5a6b7c8d9e))
[ComponentId] Registered NavigationObstacle2D -> Local(4) Stable(Stable(d9a4c3e5-6f78-4b01-c234-5a6b7c8d9e0f))
[ComponentId] Registered NavigationWorld2D -> Local(5) Stable(Stable(ea5b4d6c-7f89-4012-d345-6a7b8c9d0e1f))
[ComponentId] Registered CharacterBody2D -> Local(6) Stable(Stable(1f3b7788-2947-4d66-9d33-1275d2757278))
[ComponentId] Registered Area2D -> Local(7) Stable(Stable(42ac8ac3-53d6-40ca-9f7e-5daee2548ba6))
[ComponentId] Registered StaticBody2D -> Local(8) Stable(Stable(56221147-3807-449e-8c88-e92544a47833))
[ComponentId] Registered RigidBody2D -> Local(9) Stable(Stable(8014592a-3375-4c07-ae29-598114227003))
[ComponentId] Registered CollisionShape2D -> Local(10) Stable(Stable(c9075775-7634-45e0-a006-037000784226))
[ComponentId] Registered PhysicsWorldState -> Local(11) Stable(Stable(fb4fe7e4-2244-48ea-9ec5-0a972a3861d4))
OverheadJitting  1: 1 op, 113791.00 ns, 113.7910 us/op
WorkloadJitting  1: 1 op, 5350542.00 ns, 5.3505 ms/op

OverheadJitting  2: 16 op, 119084.00 ns, 7.4428 us/op
WorkloadJitting  2: 16 op, 1184417.00 ns, 74.0261 us/op

WorkloadPilot    1: 16 op, 1107084.00 ns, 69.1928 us/op
WorkloadPilot    2: 32 op, 2207417.00 ns, 68.9818 us/op
WorkloadPilot    3: 64 op, 4206083.00 ns, 65.7200 us/op
WorkloadPilot    4: 128 op, 8518958.00 ns, 66.5544 us/op
WorkloadPilot    5: 256 op, 16562625.00 ns, 64.6978 us/op
WorkloadPilot    6: 512 op, 32324833.00 ns, 63.1344 us/op
WorkloadPilot    7: 1024 op, 63317542.00 ns, 61.8335 us/op
WorkloadPilot    8: 2048 op, 134756166.00 ns, 65.7989 us/op
WorkloadPilot    9: 4096 op, 257029792.00 ns, 62.7514 us/op
WorkloadPilot   10: 8192 op, 88054041.00 ns, 10.7488 us/op
WorkloadPilot   11: 16384 op, 136582959.00 ns, 8.3364 us/op
WorkloadPilot   12: 32768 op, 272502209.00 ns, 8.3161 us/op
WorkloadPilot   13: 65536 op, 545880125.00 ns, 8.3295 us/op

OverheadWarmup   1: 65536 op, 135833.00 ns, 2.0726 ns/op
OverheadWarmup   2: 65536 op, 136791.00 ns, 2.0873 ns/op
OverheadWarmup   3: 65536 op, 135500.00 ns, 2.0676 ns/op
OverheadWarmup   4: 65536 op, 134875.00 ns, 2.0580 ns/op
OverheadWarmup   5: 65536 op, 132417.00 ns, 2.0205 ns/op
OverheadWarmup   6: 65536 op, 132792.00 ns, 2.0262 ns/op
OverheadWarmup   7: 65536 op, 135000.00 ns, 2.0599 ns/op
OverheadWarmup   8: 65536 op, 132417.00 ns, 2.0205 ns/op

OverheadActual   1: 65536 op, 129209.00 ns, 1.9716 ns/op
OverheadActual   2: 65536 op, 128625.00 ns, 1.9627 ns/op
OverheadActual   3: 65536 op, 128417.00 ns, 1.9595 ns/op
OverheadActual   4: 65536 op, 135875.00 ns, 2.0733 ns/op
OverheadActual   5: 65536 op, 132875.00 ns, 2.0275 ns/op
OverheadActual   6: 65536 op, 159209.00 ns, 2.4293 ns/op
OverheadActual   7: 65536 op, 128625.00 ns, 1.9627 ns/op
OverheadActual   8: 65536 op, 131667.00 ns, 2.0091 ns/op
OverheadActual   9: 65536 op, 128292.00 ns, 1.9576 ns/op
OverheadActual  10: 65536 op, 139875.00 ns, 2.1343 ns/op
OverheadActual  11: 65536 op, 128291.00 ns, 1.9576 ns/op
OverheadActual  12: 65536 op, 128250.00 ns, 1.9569 ns/op
OverheadActual  13: 65536 op, 128125.00 ns, 1.9550 ns/op
OverheadActual  14: 65536 op, 139916.00 ns, 2.1349 ns/op
OverheadActual  15: 65536 op, 135083.00 ns, 2.0612 ns/op

WorkloadWarmup   1: 65536 op, 545795333.00 ns, 8.3282 us/op
WorkloadWarmup   2: 65536 op, 544115875.00 ns, 8.3025 us/op

// BeforeActualRun
WorkloadActual   1: 65536 op, 547259042.00 ns, 8.3505 us/op
WorkloadActual   2: 65536 op, 546773333.00 ns, 8.3431 us/op
WorkloadActual   3: 65536 op, 549081208.00 ns, 8.3783 us/op
WorkloadActual   4: 65536 op, 546920167.00 ns, 8.3453 us/op
WorkloadActual   5: 65536 op, 547644375.00 ns, 8.3564 us/op

// AfterActualRun
WorkloadResult   1: 65536 op, 547129833.00 ns, 8.3485 us/op
WorkloadResult   2: 65536 op, 546644124.00 ns, 8.3411 us/op
WorkloadResult   3: 65536 op, 546790958.00 ns, 8.3434 us/op
WorkloadResult   4: 65536 op, 547515166.00 ns, 8.3544 us/op
// GC:  2 0 0 21496544 65536
// Threading:  0 0 65536

// AfterAll
// Benchmark Process 21068 has exited with code 0.

Mean = 8.347 μs, StdErr = 0.003 μs (0.04%), N = 4, StdDev = 0.006 μs
Min = 8.341 μs, Q1 = 8.343 μs, Median = 8.346 μs, Q3 = 8.350 μs, Max = 8.354 μs
IQR = 0.007 μs, LowerFence = 8.332 μs, UpperFence = 8.361 μs
ConfidenceInterval = [8.309 μs; 8.385 μs] (CI 99.9%), Margin = 0.038 μs (0.46% of Mean)
Skewness = 0.25, Kurtosis = 0.92, MValue = 2

// ** Remained 1 (33,3 %) benchmark(s) to run. Estimated finish 2026-03-26 13:34 (0h 0m from now) **
// **************************
// Benchmark: PathfindingAllocationBenchmark.AllAgentsRepath: Job-FBRURE(Runtime=.NET 8.0, IterationCount=5, WarmupCount=2) [AgentCount=50]
// *** Execute ***
// Launch: 1 / 1
// Execute: dotnet 039e4371-db8b-4d0b-b496-a776e643b6ed.dll --anonymousPipes 121 122 --benchmarkName "Deterministic.GameFramework.Navigation.Benchmarks.PathfindingAllocationBenchmark.AllAgentsRepath(AgentCount: 50)" --job "Runtime=.NET 8.0, IterationCount=5, WarmupCount=2" --benchmarkId 2 in /Users/a1/Documents/GitHub/PizzaJam2026/Server/Framework/Benchmarks/Deterministic.GameFramework.Navigation.Benchmarks/bin/Release/net8.0/039e4371-db8b-4d0b-b496-a776e643b6ed/bin/Release/net8.0
// Failed to set up high priority (Permission denied). In order to run benchmarks with high priority, make sure you have the right permissions.
// BeforeAnythingElse

// Benchmark Process Environment Information:
// BenchmarkDotNet v0.13.12
// Runtime=.NET 8.0.19 (8.0.1925.36514), Arm64 RyuJIT AdvSIMD
// GC=Concurrent Workstation
// HardwareIntrinsics=AdvSIMD,AES,CRC32,DP,RDM,SHA1,SHA256 VectorSize=128
// Job: Job-KJPCEK(IterationCount=5, WarmupCount=2)

[ComponentId] Registered World -> Local(0) Stable(Stable(00000000-0000-0000-0000-000072b3622d))
[ComponentId] Registered Transform2D -> Local(1) Stable(Stable(aafea77a-2300-4eef-9ffc-071170bb9a26))
[ComponentId] Registered NavigationRegion2D -> Local(2) Stable(Stable(b7e2a1c3-4d56-4f89-a012-3e4f5a6b7c8d))
[ComponentId] Registered NavigationAgent2D -> Local(3) Stable(Stable(c8f3b2d4-5e67-4a90-b123-4f5a6b7c8d9e))
[ComponentId] Registered NavigationObstacle2D -> Local(4) Stable(Stable(d9a4c3e5-6f78-4b01-c234-5a6b7c8d9e0f))
[ComponentId] Registered NavigationWorld2D -> Local(5) Stable(Stable(ea5b4d6c-7f89-4012-d345-6a7b8c9d0e1f))
[ComponentId] Registered CharacterBody2D -> Local(6) Stable(Stable(1f3b7788-2947-4d66-9d33-1275d2757278))
[ComponentId] Registered Area2D -> Local(7) Stable(Stable(42ac8ac3-53d6-40ca-9f7e-5daee2548ba6))
[ComponentId] Registered StaticBody2D -> Local(8) Stable(Stable(56221147-3807-449e-8c88-e92544a47833))
[ComponentId] Registered RigidBody2D -> Local(9) Stable(Stable(8014592a-3375-4c07-ae29-598114227003))
[ComponentId] Registered CollisionShape2D -> Local(10) Stable(Stable(c9075775-7634-45e0-a006-037000784226))
[ComponentId] Registered PhysicsWorldState -> Local(11) Stable(Stable(fb4fe7e4-2244-48ea-9ec5-0a972a3861d4))
OverheadJitting  1: 1 op, 100042.00 ns, 100.0420 us/op
WorkloadJitting  1: 1 op, 26432667.00 ns, 26.4327 ms/op

OverheadJitting  2: 16 op, 159875.00 ns, 9.9922 us/op
WorkloadJitting  2: 16 op, 3383417.00 ns, 211.4636 us/op

WorkloadPilot    1: 16 op, 3031375.00 ns, 189.4609 us/op
WorkloadPilot    2: 32 op, 6152583.00 ns, 192.2682 us/op
WorkloadPilot    3: 64 op, 11962166.00 ns, 186.9088 us/op
WorkloadPilot    4: 128 op, 23973042.00 ns, 187.2894 us/op
WorkloadPilot    5: 256 op, 47108125.00 ns, 184.0161 us/op
WorkloadPilot    6: 512 op, 98823125.00 ns, 193.0139 us/op
WorkloadPilot    7: 1024 op, 118212083.00 ns, 115.4415 us/op
WorkloadPilot    8: 2048 op, 117949083.00 ns, 57.5923 us/op
WorkloadPilot    9: 4096 op, 137038709.00 ns, 33.4567 us/op
WorkloadPilot   10: 8192 op, 189931750.00 ns, 23.1850 us/op
WorkloadPilot   11: 16384 op, 377270125.00 ns, 23.0267 us/op
WorkloadPilot   12: 32768 op, 752570500.00 ns, 22.9666 us/op

OverheadWarmup   1: 32768 op, 65875.00 ns, 2.0103 ns/op
OverheadWarmup   2: 32768 op, 64125.00 ns, 1.9569 ns/op
OverheadWarmup   3: 32768 op, 70250.00 ns, 2.1439 ns/op
OverheadWarmup   4: 32768 op, 73292.00 ns, 2.2367 ns/op
OverheadWarmup   5: 32768 op, 64708.00 ns, 1.9747 ns/op
OverheadWarmup   6: 32768 op, 69792.00 ns, 2.1299 ns/op
OverheadWarmup   7: 32768 op, 70458.00 ns, 2.1502 ns/op
OverheadWarmup   8: 32768 op, 66833.00 ns, 2.0396 ns/op

OverheadActual   1: 32768 op, 76208.00 ns, 2.3257 ns/op
OverheadActual   2: 32768 op, 71834.00 ns, 2.1922 ns/op
OverheadActual   3: 32768 op, 64333.00 ns, 1.9633 ns/op
OverheadActual   4: 32768 op, 71500.00 ns, 2.1820 ns/op
OverheadActual   5: 32768 op, 69583.00 ns, 2.1235 ns/op
OverheadActual   6: 32768 op, 79083.00 ns, 2.4134 ns/op
OverheadActual   7: 32768 op, 69584.00 ns, 2.1235 ns/op
OverheadActual   8: 32768 op, 73500.00 ns, 2.2430 ns/op
OverheadActual   9: 32768 op, 63875.00 ns, 1.9493 ns/op
OverheadActual  10: 32768 op, 64416.00 ns, 1.9658 ns/op
OverheadActual  11: 32768 op, 69041.00 ns, 2.1070 ns/op
OverheadActual  12: 32768 op, 79750.00 ns, 2.4338 ns/op
OverheadActual  13: 32768 op, 72125.00 ns, 2.2011 ns/op
OverheadActual  14: 32768 op, 63917.00 ns, 1.9506 ns/op
OverheadActual  15: 32768 op, 71916.00 ns, 2.1947 ns/op
OverheadActual  16: 32768 op, 70792.00 ns, 2.1604 ns/op
OverheadActual  17: 32768 op, 69750.00 ns, 2.1286 ns/op
OverheadActual  18: 32768 op, 77792.00 ns, 2.3740 ns/op
OverheadActual  19: 32768 op, 69542.00 ns, 2.1223 ns/op
OverheadActual  20: 32768 op, 64167.00 ns, 1.9582 ns/op

WorkloadWarmup   1: 32768 op, 761310750.00 ns, 23.2334 us/op
WorkloadWarmup   2: 32768 op, 765554541.00 ns, 23.3629 us/op

// BeforeActualRun
WorkloadActual   1: 32768 op, 753995958.00 ns, 23.0101 us/op
WorkloadActual   2: 32768 op, 756693125.00 ns, 23.0924 us/op
WorkloadActual   3: 32768 op, 753634375.00 ns, 22.9991 us/op
WorkloadActual   4: 32768 op, 750570000.00 ns, 22.9056 us/op
WorkloadActual   5: 32768 op, 753249709.00 ns, 22.9874 us/op

// AfterActualRun
WorkloadResult   1: 32768 op, 753925687.00 ns, 23.0080 us/op
WorkloadResult   2: 32768 op, 753564104.00 ns, 22.9970 us/op
WorkloadResult   3: 32768 op, 750499729.00 ns, 22.9034 us/op
WorkloadResult   4: 32768 op, 753179438.00 ns, 22.9852 us/op
// GC:  1 0 0 10748640 32768
// Threading:  0 0 32768

// AfterAll
// Benchmark Process 21069 has exited with code 0.

Mean = 22.973 μs, StdErr = 0.024 μs (0.10%), N = 4, StdDev = 0.048 μs
Min = 22.903 μs, Q1 = 22.965 μs, Median = 22.991 μs, Q3 = 23.000 μs, Max = 23.008 μs
IQR = 0.035 μs, LowerFence = 22.912 μs, UpperFence = 23.052 μs
ConfidenceInterval = [22.666 μs; 23.281 μs] (CI 99.9%), Margin = 0.307 μs (1.34% of Mean)
Skewness = -0.67, Kurtosis = 1.26, MValue = 2

// ** Remained 0 (0,0 %) benchmark(s) to run. Estimated finish 2026-03-26 13:34 (0h 0m from now) **
// ***** BenchmarkRunner: Finish  *****

// * Export *
  BenchmarkDotNet.Artifacts/results/Deterministic.GameFramework.Navigation.Benchmarks.PathfindingAllocationBenchmark-report.csv
  BenchmarkDotNet.Artifacts/results/Deterministic.GameFramework.Navigation.Benchmarks.PathfindingAllocationBenchmark-report-github.md
  BenchmarkDotNet.Artifacts/results/Deterministic.GameFramework.Navigation.Benchmarks.PathfindingAllocationBenchmark-report.html

// * Detailed results *
PathfindingAllocationBenchmark.AllAgentsRepath: Job-FBRURE(Runtime=.NET 8.0, IterationCount=5, WarmupCount=2) [AgentCount=1]
Runtime = .NET 8.0.19 (8.0.1925.36514), Arm64 RyuJIT AdvSIMD; GC = Concurrent Workstation
Mean = 5.381 μs, StdErr = 0.009 μs (0.17%), N = 5, StdDev = 0.020 μs
Min = 5.359 μs, Q1 = 5.369 μs, Median = 5.376 μs, Q3 = 5.389 μs, Max = 5.411 μs
IQR = 0.021 μs, LowerFence = 5.338 μs, UpperFence = 5.420 μs
ConfidenceInterval = [5.304 μs; 5.458 μs] (CI 99.9%), Margin = 0.077 μs (1.43% of Mean)
Skewness = 0.39, Kurtosis = 1.3, MValue = 2
-------------------- Histogram --------------------
[5.344 μs ; 5.426 μs) | @@@@@
---------------------------------------------------

PathfindingAllocationBenchmark.AllAgentsRepath: Job-FBRURE(Runtime=.NET 8.0, IterationCount=5, WarmupCount=2) [AgentCount=10]
Runtime = .NET 8.0.19 (8.0.1925.36514), Arm64 RyuJIT AdvSIMD; GC = Concurrent Workstation
Mean = 8.347 μs, StdErr = 0.003 μs (0.04%), N = 4, StdDev = 0.006 μs
Min = 8.341 μs, Q1 = 8.343 μs, Median = 8.346 μs, Q3 = 8.350 μs, Max = 8.354 μs
IQR = 0.007 μs, LowerFence = 8.332 μs, UpperFence = 8.361 μs
ConfidenceInterval = [8.309 μs; 8.385 μs] (CI 99.9%), Margin = 0.038 μs (0.46% of Mean)
Skewness = 0.25, Kurtosis = 0.92, MValue = 2
-------------------- Histogram --------------------
[8.336 μs ; 8.359 μs) | @@@@
---------------------------------------------------

PathfindingAllocationBenchmark.AllAgentsRepath: Job-FBRURE(Runtime=.NET 8.0, IterationCount=5, WarmupCount=2) [AgentCount=50]
Runtime = .NET 8.0.19 (8.0.1925.36514), Arm64 RyuJIT AdvSIMD; GC = Concurrent Workstation
Mean = 22.973 μs, StdErr = 0.024 μs (0.10%), N = 4, StdDev = 0.048 μs
Min = 22.903 μs, Q1 = 22.965 μs, Median = 22.991 μs, Q3 = 23.000 μs, Max = 23.008 μs
IQR = 0.035 μs, LowerFence = 22.912 μs, UpperFence = 23.052 μs
ConfidenceInterval = [22.666 μs; 23.281 μs] (CI 99.9%), Margin = 0.307 μs (1.34% of Mean)
Skewness = -0.67, Kurtosis = 1.26, MValue = 2
-------------------- Histogram --------------------
[22.864 μs ; 23.047 μs) | @@@@
---------------------------------------------------

// * Summary *

BenchmarkDotNet v0.13.12, macOS 26.3 (25D125) [Darwin 25.3.0]
Apple M2 Pro, 1 CPU, 10 logical and 10 physical cores
.NET SDK 10.0.105
  [Host]     : .NET 8.0.19 (8.0.1925.36514), Arm64 RyuJIT AdvSIMD
  Job-FBRURE : .NET 8.0.19 (8.0.1925.36514), Arm64 RyuJIT AdvSIMD

Runtime=.NET 8.0  IterationCount=5  WarmupCount=2  

| Method          | AgentCount | Mean      | Error     | StdDev    | Gen0   | Allocated |
|---------------- |----------- |----------:|----------:|----------:|-------:|----------:|
| AllAgentsRepath | 1          |  5.381 μs | 0.0769 μs | 0.0200 μs | 0.0381 |     328 B |
| AllAgentsRepath | 10         |  8.347 μs | 0.0382 μs | 0.0059 μs | 0.0305 |     328 B |
| AllAgentsRepath | 50         | 22.973 μs | 0.3073 μs | 0.0476 μs | 0.0305 |     328 B |

// * Hints *
Outliers
  PathfindingAllocationBenchmark.AllAgentsRepath: Runtime=.NET 8.0, IterationCount=5, WarmupCount=2 -> 1 outlier  was  removed (8.38 μs)
  PathfindingAllocationBenchmark.AllAgentsRepath: Runtime=.NET 8.0, IterationCount=5, WarmupCount=2 -> 1 outlier  was  removed, 2 outliers were detected (22.91 μs, 23.09 μs)

// * Legends *
  AgentCount : Value of the 'AgentCount' parameter
  Mean       : Arithmetic mean of all measurements
  Error      : Half of 99.9% confidence interval
  StdDev     : Standard deviation of all measurements
  Gen0       : GC Generation 0 collects per 1000 operations
  Allocated  : Allocated memory per single operation (managed only, inclusive, 1KB = 1024B)
  1 μs       : 1 Microsecond (0.000001 sec)

// * Diagnostic Output - MemoryDiagnoser *


// ***** BenchmarkRunner: End *****
Run time: 00:00:22 (22.39 sec), executed benchmarks: 3

Global total time: 00:00:27 (27.35 sec), executed benchmarks: 3
// * Artifacts cleanup *
Artifacts cleanup is finished
