// Validating benchmarks:
// ***** BenchmarkRunner: Start   *****
// ***** Found 2 benchmark(s) in total *****
// ***** Building 1 exe(s) in Parallel: Start   *****
// start dotnet  restore /p:UseSharedCompilation=false /p:BuildInParallel=false /m:1 /p:Deterministic=true /p:Optimize=true in /Users/a1/Documents/GitHub/PizzaJam2026/Server/Framework/Benchmarks/Deterministic.GameFramework.Navigation.Benchmarks/bin/Release/net8.0/9c9237c1-c26f-45b9-b21f-52f36b064c50
// command took 2.37 sec and exited with 0
// start dotnet  build -c Release --no-restore /p:UseSharedCompilation=false /p:BuildInParallel=false /m:1 /p:Deterministic=true /p:Optimize=true in /Users/a1/Documents/GitHub/PizzaJam2026/Server/Framework/Benchmarks/Deterministic.GameFramework.Navigation.Benchmarks/bin/Release/net8.0/9c9237c1-c26f-45b9-b21f-52f36b064c50
// command took 2.95 sec and exited with 0
// ***** Done, took 00:00:05 (5.38 sec)   *****
// Found 2 benchmarks:
//   ChunkedVsFullBakeBenchmark.ChunkedBake_SingleObstacleSpawn: Job-OFJRRZ(Runtime=.NET 8.0, InvocationCount=1, IterationCount=5, UnrollFactor=1, WarmupCount=2)
//   ChunkedVsFullBakeBenchmark.FullBake_SingleObstacleSpawn: Job-OFJRRZ(Runtime=.NET 8.0, InvocationCount=1, IterationCount=5, UnrollFactor=1, WarmupCount=2)

// **************************
// Benchmark: ChunkedVsFullBakeBenchmark.ChunkedBake_SingleObstacleSpawn: Job-OFJRRZ(Runtime=.NET 8.0, InvocationCount=1, IterationCount=5, UnrollFactor=1, WarmupCount=2)
// *** Execute ***
// Launch: 1 / 1
// Execute: dotnet 9c9237c1-c26f-45b9-b21f-52f36b064c50.dll --anonymousPipes 117 118 --benchmarkName Deterministic.GameFramework.Navigation.Benchmarks.ChunkedVsFullBakeBenchmark.ChunkedBake_SingleObstacleSpawn --job "Runtime=.NET 8.0, InvocationCount=1, IterationCount=5, UnrollFactor=1, WarmupCount=2" --benchmarkId 0 in /Users/a1/Documents/GitHub/PizzaJam2026/Server/Framework/Benchmarks/Deterministic.GameFramework.Navigation.Benchmarks/bin/Release/net8.0/9c9237c1-c26f-45b9-b21f-52f36b064c50/bin/Release/net8.0
// Failed to set up high priority (Permission denied). In order to run benchmarks with high priority, make sure you have the right permissions.
// BeforeAnythingElse

// Benchmark Process Environment Information:
// BenchmarkDotNet v0.13.12
// Runtime=.NET 8.0.19 (8.0.1925.36514), Arm64 RyuJIT AdvSIMD
// GC=Concurrent Workstation
// HardwareIntrinsics=AdvSIMD,AES,CRC32,DP,RDM,SHA1,SHA256 VectorSize=128
// Job: Job-FLKJTQ(InvocationCount=1, IterationCount=5, UnrollFactor=1, WarmupCount=2)

[ComponentId] Registered World -> Local(0) Stable(Stable(00000000-0000-0000-0000-000072b3622d))
[ComponentId] Registered Transform2D -> Local(1) Stable(Stable(aafea77a-2300-4eef-9ffc-071170bb9a26))
[ComponentId] Registered NavigationRegion2D -> Local(2) Stable(Stable(b7e2a1c3-4d56-4f89-a012-3e4f5a6b7c8d))
[ComponentId] Registered NavigationAgent2D -> Local(3) Stable(Stable(c8f3b2d4-5e67-4a90-b123-4f5a6b7c8d9e))
[ComponentId] Registered NavigationObstacle2D -> Local(4) Stable(Stable(d9a4c3e5-6f78-4b01-c234-5a6b7c8d9e0f))
[ComponentId] Registered NavigationWorld2D -> Local(5) Stable(Stable(ea5b4d6c-7f89-4012-d345-6a7b8c9d0e1f))
[ComponentId] Registered CharacterBody2D -> Local(6) Stable(Stable(1f3b7788-2947-4d66-9d33-1275d2757278))
[ComponentId] Registered Area2D -> Local(7) Stable(Stable(42ac8ac3-53d6-40ca-9f7e-5daee2548ba6))
[ComponentId] Registered StaticBody2D -> Local(8) Stable(Stable(56221147-3807-449e-8c88-e92544a47833))
[ComponentId] Registered RigidBody2D -> Local(9) Stable(Stable(8014592a-3375-4c07-ae29-598114227003))
[ComponentId] Registered CollisionShape2D -> Local(10) Stable(Stable(c9075775-7634-45e0-a006-037000784226))
[ComponentId] Registered PhysicsWorldState -> Local(11) Stable(Stable(fb4fe7e4-2244-48ea-9ec5-0a972a3861d4))
OverheadJitting  1: 1 op, 106417.00 ns, 106.4170 us/op
WorkloadJitting  1: 1 op, 91815208.00 ns, 91.8152 ms/op

OverheadWarmup   1: 1 op, 125.00 ns, 125.0000 ns/op
OverheadWarmup   2: 1 op, 166.00 ns, 166.0000 ns/op
OverheadWarmup   3: 1 op, 41.00 ns, 41.0000 ns/op
OverheadWarmup   4: 1 op, 417.00 ns, 417.0000 ns/op
OverheadWarmup   5: 1 op, 292.00 ns, 292.0000 ns/op

OverheadActual   1: 1 op, 750.00 ns, 750.0000 ns/op
OverheadActual   2: 1 op, 42.00 ns, 42.0000 ns/op
OverheadActual   3: 1 op, 83.00 ns, 83.0000 ns/op
OverheadActual   4: 1 op, 125.00 ns, 125.0000 ns/op
OverheadActual   5: 1 op, 500.00 ns, 500.0000 ns/op
OverheadActual   6: 1 op, 167.00 ns, 167.0000 ns/op
OverheadActual   7: 1 op, 0.00 ns, 0.0000 ns/op
OverheadActual   8: 1 op, 125.00 ns, 125.0000 ns/op
OverheadActual   9: 1 op, 167.00 ns, 167.0000 ns/op
OverheadActual  10: 1 op, 83.00 ns, 83.0000 ns/op
OverheadActual  11: 1 op, 41.00 ns, 41.0000 ns/op
OverheadActual  12: 1 op, 166.00 ns, 166.0000 ns/op
OverheadActual  13: 1 op, 166.00 ns, 166.0000 ns/op
OverheadActual  14: 1 op, 125.00 ns, 125.0000 ns/op
OverheadActual  15: 1 op, 42.00 ns, 42.0000 ns/op
OverheadActual  16: 1 op, 125.00 ns, 125.0000 ns/op
OverheadActual  17: 1 op, 83.00 ns, 83.0000 ns/op
OverheadActual  18: 1 op, 167.00 ns, 167.0000 ns/op
OverheadActual  19: 1 op, 42.00 ns, 42.0000 ns/op
OverheadActual  20: 1 op, 125.00 ns, 125.0000 ns/op

WorkloadWarmup   1: 1 op, 91428458.00 ns, 91.4285 ms/op
WorkloadWarmup   2: 1 op, 90605666.00 ns, 90.6057 ms/op

// BeforeActualRun
WorkloadActual   1: 1 op, 90944750.00 ns, 90.9447 ms/op
WorkloadActual   2: 1 op, 117177667.00 ns, 117.1777 ms/op
WorkloadActual   3: 1 op, 69157208.00 ns, 69.1572 ms/op
WorkloadActual   4: 1 op, 30561292.00 ns, 30.5613 ms/op
WorkloadActual   5: 1 op, 31563333.00 ns, 31.5633 ms/op

// AfterActualRun
WorkloadResult   1: 1 op, 90944625.00 ns, 90.9446 ms/op
WorkloadResult   2: 1 op, 117177542.00 ns, 117.1775 ms/op
WorkloadResult   3: 1 op, 69157083.00 ns, 69.1571 ms/op
WorkloadResult   4: 1 op, 30561167.00 ns, 30.5612 ms/op
WorkloadResult   5: 1 op, 31563208.00 ns, 31.5632 ms/op
// GC:  0 0 0 23488 1
// Threading:  0 0 1

// AfterAll
// Benchmark Process 20759 has exited with code 0.

Mean = 67.881 ms, StdErr = 16.846 ms (24.82%), N = 5, StdDev = 37.668 ms
Min = 30.561 ms, Q1 = 31.563 ms, Median = 69.157 ms, Q3 = 90.945 ms, Max = 117.178 ms
IQR = 59.381 ms, LowerFence = -57.509 ms, UpperFence = 180.017 ms
ConfidenceInterval = [-77.165 ms; 212.926 ms] (CI 99.9%), Margin = 145.045 ms (213.68% of Mean)
Skewness = 0.12, Kurtosis = 0.98, MValue = 2

// ** Remained 1 (50,0 %) benchmark(s) to run. Estimated finish 2026-03-26 13:28 (0h 0m from now) **
// **************************
// Benchmark: ChunkedVsFullBakeBenchmark.FullBake_SingleObstacleSpawn: Job-OFJRRZ(Runtime=.NET 8.0, InvocationCount=1, IterationCount=5, UnrollFactor=1, WarmupCount=2)
// *** Execute ***
// Launch: 1 / 1
// Execute: dotnet 9c9237c1-c26f-45b9-b21f-52f36b064c50.dll --anonymousPipes 119 120 --benchmarkName Deterministic.GameFramework.Navigation.Benchmarks.ChunkedVsFullBakeBenchmark.FullBake_SingleObstacleSpawn --job "Runtime=.NET 8.0, InvocationCount=1, IterationCount=5, UnrollFactor=1, WarmupCount=2" --benchmarkId 1 in /Users/a1/Documents/GitHub/PizzaJam2026/Server/Framework/Benchmarks/Deterministic.GameFramework.Navigation.Benchmarks/bin/Release/net8.0/9c9237c1-c26f-45b9-b21f-52f36b064c50/bin/Release/net8.0
// Failed to set up high priority (Permission denied). In order to run benchmarks with high priority, make sure you have the right permissions.
// BeforeAnythingElse

// Benchmark Process Environment Information:
// BenchmarkDotNet v0.13.12
// Runtime=.NET 8.0.19 (8.0.1925.36514), Arm64 RyuJIT AdvSIMD
// GC=Concurrent Workstation
// HardwareIntrinsics=AdvSIMD,AES,CRC32,DP,RDM,SHA1,SHA256 VectorSize=128
// Job: Job-VYWGGO(InvocationCount=1, IterationCount=5, UnrollFactor=1, WarmupCount=2)

[ComponentId] Registered World -> Local(0) Stable(Stable(00000000-0000-0000-0000-000072b3622d))
[ComponentId] Registered Transform2D -> Local(1) Stable(Stable(aafea77a-2300-4eef-9ffc-071170bb9a26))
[ComponentId] Registered NavigationRegion2D -> Local(2) Stable(Stable(b7e2a1c3-4d56-4f89-a012-3e4f5a6b7c8d))
[ComponentId] Registered NavigationAgent2D -> Local(3) Stable(Stable(c8f3b2d4-5e67-4a90-b123-4f5a6b7c8d9e))
[ComponentId] Registered NavigationObstacle2D -> Local(4) Stable(Stable(d9a4c3e5-6f78-4b01-c234-5a6b7c8d9e0f))
[ComponentId] Registered NavigationWorld2D -> Local(5) Stable(Stable(ea5b4d6c-7f89-4012-d345-6a7b8c9d0e1f))
[ComponentId] Registered CharacterBody2D -> Local(6) Stable(Stable(1f3b7788-2947-4d66-9d33-1275d2757278))
[ComponentId] Registered Area2D -> Local(7) Stable(Stable(42ac8ac3-53d6-40ca-9f7e-5daee2548ba6))
[ComponentId] Registered StaticBody2D -> Local(8) Stable(Stable(56221147-3807-449e-8c88-e92544a47833))
[ComponentId] Registered RigidBody2D -> Local(9) Stable(Stable(8014592a-3375-4c07-ae29-598114227003))
[ComponentId] Registered CollisionShape2D -> Local(10) Stable(Stable(c9075775-7634-45e0-a006-037000784226))
[ComponentId] Registered PhysicsWorldState -> Local(11) Stable(Stable(fb4fe7e4-2244-48ea-9ec5-0a972a3861d4))
OverheadJitting  1: 1 op, 95291.00 ns, 95.2910 us/op
WorkloadJitting  1: 1 op, 47982500.00 ns, 47.9825 ms/op

OverheadWarmup   1: 1 op, 208.00 ns, 208.0000 ns/op
OverheadWarmup   2: 1 op, 125.00 ns, 125.0000 ns/op
OverheadWarmup   3: 1 op, 125.00 ns, 125.0000 ns/op
OverheadWarmup   4: 1 op, 42.00 ns, 42.0000 ns/op
OverheadWarmup   5: 1 op, 125.00 ns, 125.0000 ns/op
OverheadWarmup   6: 1 op, 0.00 ns, 0.0000 ns/op

OverheadActual   1: 1 op, 0.00 ns, 0.0000 ns/op
OverheadActual   2: 1 op, 416.00 ns, 416.0000 ns/op
OverheadActual   3: 1 op, 83.00 ns, 83.0000 ns/op
OverheadActual   4: 1 op, 83.00 ns, 83.0000 ns/op
OverheadActual   5: 1 op, 208.00 ns, 208.0000 ns/op
OverheadActual   6: 1 op, 125.00 ns, 125.0000 ns/op
OverheadActual   7: 1 op, 42.00 ns, 42.0000 ns/op
OverheadActual   8: 1 op, 167.00 ns, 167.0000 ns/op
OverheadActual   9: 1 op, 125.00 ns, 125.0000 ns/op
OverheadActual  10: 1 op, 125.00 ns, 125.0000 ns/op
OverheadActual  11: 1 op, 41.00 ns, 41.0000 ns/op
OverheadActual  12: 1 op, 41.00 ns, 41.0000 ns/op
OverheadActual  13: 1 op, 125.00 ns, 125.0000 ns/op
OverheadActual  14: 1 op, 167.00 ns, 167.0000 ns/op
OverheadActual  15: 1 op, 84.00 ns, 84.0000 ns/op
OverheadActual  16: 1 op, 42.00 ns, 42.0000 ns/op
OverheadActual  17: 1 op, 83.00 ns, 83.0000 ns/op
OverheadActual  18: 1 op, 84.00 ns, 84.0000 ns/op
OverheadActual  19: 1 op, 0.00 ns, 0.0000 ns/op
OverheadActual  20: 1 op, 0.00 ns, 0.0000 ns/op

WorkloadWarmup   1: 1 op, 47148958.00 ns, 47.1490 ms/op
WorkloadWarmup   2: 1 op, 47390750.00 ns, 47.3907 ms/op

// BeforeActualRun
WorkloadActual   1: 1 op, 48143083.00 ns, 48.1431 ms/op
WorkloadActual   2: 1 op, 47520041.00 ns, 47.5200 ms/op
WorkloadActual   3: 1 op, 47199000.00 ns, 47.1990 ms/op
WorkloadActual   4: 1 op, 60588833.00 ns, 60.5888 ms/op
WorkloadActual   5: 1 op, 69399916.00 ns, 69.3999 ms/op

// AfterActualRun
WorkloadResult   1: 1 op, 48142999.50 ns, 48.1430 ms/op
WorkloadResult   2: 1 op, 47519957.50 ns, 47.5200 ms/op
WorkloadResult   3: 1 op, 47198916.50 ns, 47.1989 ms/op
WorkloadResult   4: 1 op, 60588749.50 ns, 60.5887 ms/op
WorkloadResult   5: 1 op, 69399832.50 ns, 69.3998 ms/op
// GC:  0 0 0 15552 1
// Threading:  0 0 1

// AfterAll
// Benchmark Process 20760 has exited with code 0.

Mean = 54.570 ms, StdErr = 4.480 ms (8.21%), N = 5, StdDev = 10.019 ms
Min = 47.199 ms, Q1 = 47.520 ms, Median = 48.143 ms, Q3 = 60.589 ms, Max = 69.400 ms
IQR = 13.069 ms, LowerFence = 27.917 ms, UpperFence = 80.192 ms
ConfidenceInterval = [15.992 ms; 93.148 ms] (CI 99.9%), Margin = 38.578 ms (70.69% of Mean)
Skewness = 0.49, Kurtosis = 1.13, MValue = 2

// ** Remained 0 (0,0 %) benchmark(s) to run. Estimated finish 2026-03-26 13:28 (0h 0m from now) **
// ***** BenchmarkRunner: Finish  *****

// * Export *
  BenchmarkDotNet.Artifacts/results/Deterministic.GameFramework.Navigation.Benchmarks.ChunkedVsFullBakeBenchmark-report.csv
  BenchmarkDotNet.Artifacts/results/Deterministic.GameFramework.Navigation.Benchmarks.ChunkedVsFullBakeBenchmark-report-github.md
  BenchmarkDotNet.Artifacts/results/Deterministic.GameFramework.Navigation.Benchmarks.ChunkedVsFullBakeBenchmark-report.html

// * Detailed results *
ChunkedVsFullBakeBenchmark.ChunkedBake_SingleObstacleSpawn: Job-OFJRRZ(Runtime=.NET 8.0, InvocationCount=1, IterationCount=5, UnrollFactor=1, WarmupCount=2)
Runtime = .NET 8.0.19 (8.0.1925.36514), Arm64 RyuJIT AdvSIMD; GC = Concurrent Workstation
Mean = 67.881 ms, StdErr = 16.846 ms (24.82%), N = 5, StdDev = 37.668 ms
Min = 30.561 ms, Q1 = 31.563 ms, Median = 69.157 ms, Q3 = 90.945 ms, Max = 117.178 ms
IQR = 59.381 ms, LowerFence = -57.509 ms, UpperFence = 180.017 ms
ConfidenceInterval = [-77.165 ms; 212.926 ms] (CI 99.9%), Margin = 145.045 ms (213.68% of Mean)
Skewness = 0.12, Kurtosis = 0.98, MValue = 2
-------------------- Histogram --------------------
[20.947 ms ;  78.771 ms) | @@@
[78.771 ms ; 146.090 ms) | @@
---------------------------------------------------

ChunkedVsFullBakeBenchmark.FullBake_SingleObstacleSpawn: Job-OFJRRZ(Runtime=.NET 8.0, InvocationCount=1, IterationCount=5, UnrollFactor=1, WarmupCount=2)
Runtime = .NET 8.0.19 (8.0.1925.36514), Arm64 RyuJIT AdvSIMD; GC = Concurrent Workstation
Mean = 54.570 ms, StdErr = 4.480 ms (8.21%), N = 5, StdDev = 10.019 ms
Min = 47.199 ms, Q1 = 47.520 ms, Median = 48.143 ms, Q3 = 60.589 ms, Max = 69.400 ms
IQR = 13.069 ms, LowerFence = 27.917 ms, UpperFence = 80.192 ms
ConfidenceInterval = [15.992 ms; 93.148 ms] (CI 99.9%), Margin = 38.578 ms (70.69% of Mean)
Skewness = 0.49, Kurtosis = 1.13, MValue = 2
-------------------- Histogram --------------------
[46.204 ms ; 61.584 ms) | @@@@
[61.584 ms ; 77.090 ms) | @
---------------------------------------------------

// * Summary *

BenchmarkDotNet v0.13.12, macOS 26.3 (25D125) [Darwin 25.3.0]
Apple M2 Pro, 1 CPU, 10 logical and 10 physical cores
.NET SDK 10.0.105
  [Host]     : .NET 8.0.19 (8.0.1925.36514), Arm64 RyuJIT AdvSIMD
  Job-OFJRRZ : .NET 8.0.19 (8.0.1925.36514), Arm64 RyuJIT AdvSIMD

Runtime=.NET 8.0  InvocationCount=1  IterationCount=5  
UnrollFactor=1  WarmupCount=2  

| Method                          | Mean     | Error     | StdDev   | Ratio | RatioSD | Allocated | Alloc Ratio |
|-------------------------------- |---------:|----------:|---------:|------:|--------:|----------:|------------:|
| ChunkedBake_SingleObstacleSpawn | 67.88 ms | 145.05 ms | 37.67 ms |  1.00 |    0.00 |  22.94 KB |        1.00 |
| FullBake_SingleObstacleSpawn    | 54.57 ms |  38.58 ms | 10.02 ms |  1.16 |    0.86 |  15.19 KB |        0.66 |

// * Warnings *
MinIterationTime
  ChunkedVsFullBakeBenchmark.ChunkedBake_SingleObstacleSpawn: Runtime=.NET 8.0, InvocationCount=1, IterationCount=5, UnrollFactor=1, WarmupCount=2 -> The minimum observed iteration time is 30.5613 ms which is very small. It's recommended to increase it to at least 100.0000 ms using more operations.
  ChunkedVsFullBakeBenchmark.FullBake_SingleObstacleSpawn: Runtime=.NET 8.0, InvocationCount=1, IterationCount=5, UnrollFactor=1, WarmupCount=2    -> The minimum observed iteration time is 47.1990 ms which is very small. It's recommended to increase it to at least 100.0000 ms using more operations.

// * Legends *
  Mean        : Arithmetic mean of all measurements
  Error       : Half of 99.9% confidence interval
  StdDev      : Standard deviation of all measurements
  Ratio       : Mean of the ratio distribution ([Current]/[Baseline])
  RatioSD     : Standard deviation of the ratio distribution ([Current]/[Baseline])
  Allocated   : Allocated memory per single operation (managed only, inclusive, 1KB = 1024B)
  Alloc Ratio : Allocated memory ratio distribution ([Current]/[Baseline])
  1 ms        : 1 Millisecond (0.001 sec)

// * Diagnostic Output - MemoryDiagnoser *


// ***** BenchmarkRunner: End *****
Run time: 00:00:01 (1.89 sec), executed benchmarks: 2

Global total time: 00:00:07 (7.54 sec), executed benchmarks: 2
// * Artifacts cleanup *
Artifacts cleanup is finished
