// Validating benchmarks:
// ***** BenchmarkRunner: Start   *****
// ***** Found 2 benchmark(s) in total *****
// ***** Building 1 exe(s) in Parallel: Start   *****
// start dotnet  restore /p:UseSharedCompilation=false /p:BuildInParallel=false /m:1 /p:Deterministic=true /p:Optimize=true in /Users/a1/Documents/GitHub/PizzaJam2026/Server/Framework/Benchmarks/Deterministic.GameFramework.Navigation.Benchmarks/bin/Release/net8.0/55e1944e-ffe5-49c7-8398-4c067e09eeea
// command took 1.39 sec and exited with 0
// start dotnet  build -c Release --no-restore /p:UseSharedCompilation=false /p:BuildInParallel=false /m:1 /p:Deterministic=true /p:Optimize=true in /Users/a1/Documents/GitHub/PizzaJam2026/Server/Framework/Benchmarks/Deterministic.GameFramework.Navigation.Benchmarks/bin/Release/net8.0/55e1944e-ffe5-49c7-8398-4c067e09eeea
// command took 3.1 sec and exited with 0
// ***** Done, took 00:00:04 (4.56 sec)   *****
// Found 2 benchmarks:
//   PhysicsBakeBenchmark.SteadyState: Job-QFTNOP(Runtime=.NET 8.0, IterationCount=5, WarmupCount=2)
//   PhysicsBakeBenchmark.PhysicsRebake: Job-QFTNOP(Runtime=.NET 8.0, IterationCount=5, WarmupCount=2)

// **************************
// Benchmark: PhysicsBakeBenchmark.SteadyState: Job-QFTNOP(Runtime=.NET 8.0, IterationCount=5, WarmupCount=2)
// *** Execute ***
// Launch: 1 / 1
// Execute: dotnet 55e1944e-ffe5-49c7-8398-4c067e09eeea.dll --anonymousPipes 117 118 --benchmarkName Deterministic.GameFramework.Navigation.Benchmarks.PhysicsBakeBenchmark.SteadyState --job "Runtime=.NET 8.0, IterationCount=5, WarmupCount=2" --benchmarkId 0 in /Users/a1/Documents/GitHub/PizzaJam2026/Server/Framework/Benchmarks/Deterministic.GameFramework.Navigation.Benchmarks/bin/Release/net8.0/55e1944e-ffe5-49c7-8398-4c067e09eeea/bin/Release/net8.0
// Failed to set up high priority (Permission denied). In order to run benchmarks with high priority, make sure you have the right permissions.
// BeforeAnythingElse

// Benchmark Process Environment Information:
// BenchmarkDotNet v0.13.12
// Runtime=.NET 8.0.19 (8.0.1925.36514), Arm64 RyuJIT AdvSIMD
// GC=Concurrent Workstation
// HardwareIntrinsics=AdvSIMD,AES,CRC32,DP,RDM,SHA1,SHA256 VectorSize=128
// Job: Job-UMURQP(IterationCount=5, WarmupCount=2)

[ComponentId] Registered World -> Local(0) Stable(Stable(00000000-0000-0000-0000-000072b3622d))
[ComponentId] Registered Transform2D -> Local(1) Stable(Stable(aafea77a-2300-4eef-9ffc-071170bb9a26))
[ComponentId] Registered NavigationRegion2D -> Local(2) Stable(Stable(b7e2a1c3-4d56-4f89-a012-3e4f5a6b7c8d))
[ComponentId] Registered NavigationAgent2D -> Local(3) Stable(Stable(c8f3b2d4-5e67-4a90-b123-4f5a6b7c8d9e))
[ComponentId] Registered NavigationObstacle2D -> Local(4) Stable(Stable(d9a4c3e5-6f78-4b01-c234-5a6b7c8d9e0f))
[ComponentId] Registered NavigationWorld2D -> Local(5) Stable(Stable(ea5b4d6c-7f89-4012-d345-6a7b8c9d0e1f))
[ComponentId] Registered CharacterBody2D -> Local(6) Stable(Stable(1f3b7788-2947-4d66-9d33-1275d2757278))
[ComponentId] Registered Area2D -> Local(7) Stable(Stable(42ac8ac3-53d6-40ca-9f7e-5daee2548ba6))
[ComponentId] Registered StaticBody2D -> Local(8) Stable(Stable(56221147-3807-449e-8c88-e92544a47833))
[ComponentId] Registered RigidBody2D -> Local(9) Stable(Stable(8014592a-3375-4c07-ae29-598114227003))
[ComponentId] Registered CollisionShape2D -> Local(10) Stable(Stable(c9075775-7634-45e0-a006-037000784226))
[ComponentId] Registered PhysicsWorldState -> Local(11) Stable(Stable(fb4fe7e4-2244-48ea-9ec5-0a972a3861d4))
OverheadJitting  1: 1 op, 106334.00 ns, 106.3340 us/op
WorkloadJitting  1: 1 op, 195250.00 ns, 195.2500 us/op

OverheadJitting  2: 16 op, 102000.00 ns, 6.3750 us/op
WorkloadJitting  2: 16 op, 835500.00 ns, 52.2188 us/op

WorkloadPilot    1: 16 op, 603834.00 ns, 37.7396 us/op
WorkloadPilot    2: 32 op, 1226375.00 ns, 38.3242 us/op
WorkloadPilot    3: 64 op, 2201833.00 ns, 34.4036 us/op
WorkloadPilot    4: 128 op, 4090708.00 ns, 31.9587 us/op
WorkloadPilot    5: 256 op, 8167042.00 ns, 31.9025 us/op
WorkloadPilot    6: 512 op, 15984917.00 ns, 31.2205 us/op
WorkloadPilot    7: 1024 op, 30810125.00 ns, 30.0880 us/op
WorkloadPilot    8: 2048 op, 61743500.00 ns, 30.1482 us/op
WorkloadPilot    9: 4096 op, 112963042.00 ns, 27.5789 us/op
WorkloadPilot   10: 8192 op, 173833250.00 ns, 21.2199 us/op
WorkloadPilot   11: 16384 op, 126230291.00 ns, 7.7045 us/op
WorkloadPilot   12: 32768 op, 123604833.00 ns, 3.7721 us/op
WorkloadPilot   13: 65536 op, 245286666.00 ns, 3.7428 us/op
WorkloadPilot   14: 131072 op, 490234916.00 ns, 3.7402 us/op
WorkloadPilot   15: 262144 op, 981556208.00 ns, 3.7443 us/op

OverheadWarmup   1: 262144 op, 563042.00 ns, 2.1478 ns/op
OverheadWarmup   2: 262144 op, 528084.00 ns, 2.0145 ns/op
OverheadWarmup   3: 262144 op, 562833.00 ns, 2.1470 ns/op
OverheadWarmup   4: 262144 op, 513583.00 ns, 1.9592 ns/op
OverheadWarmup   5: 262144 op, 512625.00 ns, 1.9555 ns/op
OverheadWarmup   6: 262144 op, 509250.00 ns, 1.9426 ns/op
OverheadWarmup   7: 262144 op, 533417.00 ns, 2.0348 ns/op
OverheadWarmup   8: 262144 op, 512625.00 ns, 1.9555 ns/op

OverheadActual   1: 262144 op, 557666.00 ns, 2.1273 ns/op
OverheadActual   2: 262144 op, 539500.00 ns, 2.0580 ns/op
OverheadActual   3: 262144 op, 536833.00 ns, 2.0479 ns/op
OverheadActual   4: 262144 op, 524625.00 ns, 2.0013 ns/op
OverheadActual   5: 262144 op, 531708.00 ns, 2.0283 ns/op
OverheadActual   6: 262144 op, 511125.00 ns, 1.9498 ns/op
OverheadActual   7: 262144 op, 511542.00 ns, 1.9514 ns/op
OverheadActual   8: 262144 op, 524333.00 ns, 2.0002 ns/op
OverheadActual   9: 262144 op, 543542.00 ns, 2.0734 ns/op
OverheadActual  10: 262144 op, 516917.00 ns, 1.9719 ns/op
OverheadActual  11: 262144 op, 517583.00 ns, 1.9744 ns/op
OverheadActual  12: 262144 op, 517750.00 ns, 1.9751 ns/op
OverheadActual  13: 262144 op, 512500.00 ns, 1.9550 ns/op
OverheadActual  14: 262144 op, 526208.00 ns, 2.0073 ns/op
OverheadActual  15: 262144 op, 530625.00 ns, 2.0242 ns/op

WorkloadWarmup   1: 262144 op, 984419292.00 ns, 3.7553 us/op
WorkloadWarmup   2: 262144 op, 989784542.00 ns, 3.7757 us/op

// BeforeActualRun
WorkloadActual   1: 262144 op, 982907542.00 ns, 3.7495 us/op
WorkloadActual   2: 262144 op, 980245750.00 ns, 3.7393 us/op
WorkloadActual   3: 262144 op, 980964292.00 ns, 3.7421 us/op
WorkloadActual   4: 262144 op, 981758167.00 ns, 3.7451 us/op
WorkloadActual   5: 262144 op, 983433333.00 ns, 3.7515 us/op

// AfterActualRun
WorkloadResult   1: 262144 op, 982382917.00 ns, 3.7475 us/op
WorkloadResult   2: 262144 op, 979721125.00 ns, 3.7373 us/op
WorkloadResult   3: 262144 op, 980439667.00 ns, 3.7401 us/op
WorkloadResult   4: 262144 op, 981233542.00 ns, 3.7431 us/op
WorkloadResult   5: 262144 op, 982908708.00 ns, 3.7495 us/op
// GC:  16 0 0 140509920 262144
// Threading:  0 0 262144

// AfterAll
// Benchmark Process 17700 has exited with code 0.

Mean = 3.744 μs, StdErr = 0.002 μs (0.06%), N = 5, StdDev = 0.005 μs
Min = 3.737 μs, Q1 = 3.740 μs, Median = 3.743 μs, Q3 = 3.747 μs, Max = 3.749 μs
IQR = 0.007 μs, LowerFence = 3.729 μs, UpperFence = 3.759 μs
ConfidenceInterval = [3.724 μs; 3.763 μs] (CI 99.9%), Margin = 0.019 μs (0.52% of Mean)
Skewness = 0.01, Kurtosis = 0.97, MValue = 2

// ** Remained 1 (50,0 %) benchmark(s) to run. Estimated finish 2026-03-26 12:06 (0h 0m from now) **
// **************************
// Benchmark: PhysicsBakeBenchmark.PhysicsRebake: Job-QFTNOP(Runtime=.NET 8.0, IterationCount=5, WarmupCount=2)
// *** Execute ***
// Launch: 1 / 1
// Execute: dotnet 55e1944e-ffe5-49c7-8398-4c067e09eeea.dll --anonymousPipes 119 120 --benchmarkName Deterministic.GameFramework.Navigation.Benchmarks.PhysicsBakeBenchmark.PhysicsRebake --job "Runtime=.NET 8.0, IterationCount=5, WarmupCount=2" --benchmarkId 1 in /Users/a1/Documents/GitHub/PizzaJam2026/Server/Framework/Benchmarks/Deterministic.GameFramework.Navigation.Benchmarks/bin/Release/net8.0/55e1944e-ffe5-49c7-8398-4c067e09eeea/bin/Release/net8.0
// Failed to set up high priority (Permission denied). In order to run benchmarks with high priority, make sure you have the right permissions.
// BeforeAnythingElse

// Benchmark Process Environment Information:
// BenchmarkDotNet v0.13.12
// Runtime=.NET 8.0.19 (8.0.1925.36514), Arm64 RyuJIT AdvSIMD
// GC=Concurrent Workstation
// HardwareIntrinsics=AdvSIMD,AES,CRC32,DP,RDM,SHA1,SHA256 VectorSize=128
// Job: Job-OTGQKX(IterationCount=5, WarmupCount=2)

[ComponentId] Registered World -> Local(0) Stable(Stable(00000000-0000-0000-0000-000072b3622d))
[ComponentId] Registered Transform2D -> Local(1) Stable(Stable(aafea77a-2300-4eef-9ffc-071170bb9a26))
[ComponentId] Registered NavigationRegion2D -> Local(2) Stable(Stable(b7e2a1c3-4d56-4f89-a012-3e4f5a6b7c8d))
[ComponentId] Registered NavigationAgent2D -> Local(3) Stable(Stable(c8f3b2d4-5e67-4a90-b123-4f5a6b7c8d9e))
[ComponentId] Registered NavigationObstacle2D -> Local(4) Stable(Stable(d9a4c3e5-6f78-4b01-c234-5a6b7c8d9e0f))
[ComponentId] Registered NavigationWorld2D -> Local(5) Stable(Stable(ea5b4d6c-7f89-4012-d345-6a7b8c9d0e1f))
[ComponentId] Registered CharacterBody2D -> Local(6) Stable(Stable(1f3b7788-2947-4d66-9d33-1275d2757278))
[ComponentId] Registered Area2D -> Local(7) Stable(Stable(42ac8ac3-53d6-40ca-9f7e-5daee2548ba6))
[ComponentId] Registered StaticBody2D -> Local(8) Stable(Stable(56221147-3807-449e-8c88-e92544a47833))
[ComponentId] Registered RigidBody2D -> Local(9) Stable(Stable(8014592a-3375-4c07-ae29-598114227003))
[ComponentId] Registered CollisionShape2D -> Local(10) Stable(Stable(c9075775-7634-45e0-a006-037000784226))
[ComponentId] Registered PhysicsWorldState -> Local(11) Stable(Stable(fb4fe7e4-2244-48ea-9ec5-0a972a3861d4))
OverheadJitting  1: 1 op, 108750.00 ns, 108.7500 us/op
WorkloadJitting  1: 1 op, 14685083.00 ns, 14.6851 ms/op

OverheadJitting  2: 16 op, 170292.00 ns, 10.6433 us/op
WorkloadJitting  2: 16 op, 248852875.00 ns, 15.5533 ms/op

WorkloadPilot    1: 16 op, 166285500.00 ns, 10.3928 ms/op
WorkloadPilot    2: 32 op, 150868667.00 ns, 4.7146 ms/op
WorkloadPilot    3: 64 op, 285048375.00 ns, 4.4539 ms/op
WorkloadPilot    4: 128 op, 480402750.00 ns, 3.7531 ms/op
WorkloadPilot    5: 256 op, 947166125.00 ns, 3.6999 ms/op

OverheadWarmup   1: 256 op, 2333.00 ns, 9.1133 ns/op
OverheadWarmup   2: 256 op, 3042.00 ns, 11.8828 ns/op
OverheadWarmup   3: 256 op, 792.00 ns, 3.0938 ns/op
OverheadWarmup   4: 256 op, 875.00 ns, 3.4180 ns/op
OverheadWarmup   5: 256 op, 833.00 ns, 3.2539 ns/op

OverheadActual   1: 256 op, 1167.00 ns, 4.5586 ns/op
OverheadActual   2: 256 op, 666.00 ns, 2.6016 ns/op
OverheadActual   3: 256 op, 625.00 ns, 2.4414 ns/op
OverheadActual   4: 256 op, 625.00 ns, 2.4414 ns/op
OverheadActual   5: 256 op, 1000.00 ns, 3.9062 ns/op
OverheadActual   6: 256 op, 625.00 ns, 2.4414 ns/op
OverheadActual   7: 256 op, 750.00 ns, 2.9297 ns/op
OverheadActual   8: 256 op, 625.00 ns, 2.4414 ns/op
OverheadActual   9: 256 op, 750.00 ns, 2.9297 ns/op
OverheadActual  10: 256 op, 584.00 ns, 2.2812 ns/op
OverheadActual  11: 256 op, 583.00 ns, 2.2773 ns/op
OverheadActual  12: 256 op, 542.00 ns, 2.1172 ns/op
OverheadActual  13: 256 op, 875.00 ns, 3.4180 ns/op
OverheadActual  14: 256 op, 500.00 ns, 1.9531 ns/op
OverheadActual  15: 256 op, 542.00 ns, 2.1172 ns/op
OverheadActual  16: 256 op, 750.00 ns, 2.9297 ns/op
OverheadActual  17: 256 op, 666.00 ns, 2.6016 ns/op
OverheadActual  18: 256 op, 584.00 ns, 2.2812 ns/op
OverheadActual  19: 256 op, 1000.00 ns, 3.9062 ns/op
OverheadActual  20: 256 op, 1333.00 ns, 5.2070 ns/op

WorkloadWarmup   1: 256 op, 962800500.00 ns, 3.7609 ms/op
WorkloadWarmup   2: 256 op, 957520750.00 ns, 3.7403 ms/op

// BeforeActualRun
WorkloadActual   1: 256 op, 953497959.00 ns, 3.7246 ms/op
WorkloadActual   2: 256 op, 954309083.00 ns, 3.7278 ms/op
WorkloadActual   3: 256 op, 948082209.00 ns, 3.7034 ms/op
WorkloadActual   4: 256 op, 950177917.00 ns, 3.7116 ms/op
WorkloadActual   5: 256 op, 948911125.00 ns, 3.7067 ms/op

// AfterActualRun
WorkloadResult   1: 256 op, 953497313.50 ns, 3.7246 ms/op
WorkloadResult   2: 256 op, 954308437.50 ns, 3.7278 ms/op
WorkloadResult   3: 256 op, 948081563.50 ns, 3.7034 ms/op
WorkloadResult   4: 256 op, 950177271.50 ns, 3.7116 ms/op
WorkloadResult   5: 256 op, 948910479.50 ns, 3.7067 ms/op
// GC:  9 1 0 81146592 256
// Threading:  0 0 256

// AfterAll
// Benchmark Process 17703 has exited with code 0.

Mean = 3.715 ms, StdErr = 0.005 ms (0.13%), N = 5, StdDev = 0.011 ms
Min = 3.703 ms, Q1 = 3.707 ms, Median = 3.712 ms, Q3 = 3.725 ms, Max = 3.728 ms
IQR = 0.018 ms, LowerFence = 3.680 ms, UpperFence = 3.751 ms
ConfidenceInterval = [3.673 ms; 3.757 ms] (CI 99.9%), Margin = 0.042 ms (1.12% of Mean)
Skewness = 0.17, Kurtosis = 0.85, MValue = 2

// ** Remained 0 (0,0 %) benchmark(s) to run. Estimated finish 2026-03-26 12:06 (0h 0m from now) **
// ***** BenchmarkRunner: Finish  *****

// * Export *
  BenchmarkDotNet.Artifacts/results/Deterministic.GameFramework.Navigation.Benchmarks.PhysicsBakeBenchmark-report.csv
  BenchmarkDotNet.Artifacts/results/Deterministic.GameFramework.Navigation.Benchmarks.PhysicsBakeBenchmark-report-github.md
  BenchmarkDotNet.Artifacts/results/Deterministic.GameFramework.Navigation.Benchmarks.PhysicsBakeBenchmark-report.html

// * Detailed results *
PhysicsBakeBenchmark.SteadyState: Job-QFTNOP(Runtime=.NET 8.0, IterationCount=5, WarmupCount=2)
Runtime = .NET 8.0.19 (8.0.1925.36514), Arm64 RyuJIT AdvSIMD; GC = Concurrent Workstation
Mean = 3.744 μs, StdErr = 0.002 μs (0.06%), N = 5, StdDev = 0.005 μs
Min = 3.737 μs, Q1 = 3.740 μs, Median = 3.743 μs, Q3 = 3.747 μs, Max = 3.749 μs
IQR = 0.007 μs, LowerFence = 3.729 μs, UpperFence = 3.759 μs
ConfidenceInterval = [3.724 μs; 3.763 μs] (CI 99.9%), Margin = 0.019 μs (0.52% of Mean)
Skewness = 0.01, Kurtosis = 0.97, MValue = 2
-------------------- Histogram --------------------
[3.733 μs ; 3.753 μs) | @@@@@
---------------------------------------------------

PhysicsBakeBenchmark.PhysicsRebake: Job-QFTNOP(Runtime=.NET 8.0, IterationCount=5, WarmupCount=2)
Runtime = .NET 8.0.19 (8.0.1925.36514), Arm64 RyuJIT AdvSIMD; GC = Concurrent Workstation
Mean = 3.715 ms, StdErr = 0.005 ms (0.13%), N = 5, StdDev = 0.011 ms
Min = 3.703 ms, Q1 = 3.707 ms, Median = 3.712 ms, Q3 = 3.725 ms, Max = 3.728 ms
IQR = 0.018 ms, LowerFence = 3.680 ms, UpperFence = 3.751 ms
ConfidenceInterval = [3.673 ms; 3.757 ms] (CI 99.9%), Margin = 0.042 ms (1.12% of Mean)
Skewness = 0.17, Kurtosis = 0.85, MValue = 2
-------------------- Histogram --------------------
[3.695 ms ; 3.736 ms) | @@@@@
---------------------------------------------------

// * Summary *

BenchmarkDotNet v0.13.12, macOS 26.3 (25D125) [Darwin 25.3.0]
Apple M2 Pro, 1 CPU, 10 logical and 10 physical cores
.NET SDK 10.0.105
  [Host]     : .NET 8.0.19 (8.0.1925.36514), Arm64 RyuJIT AdvSIMD
  Job-QFTNOP : .NET 8.0.19 (8.0.1925.36514), Arm64 RyuJIT AdvSIMD

Runtime=.NET 8.0  IterationCount=5  WarmupCount=2  

| Method        | Mean         | Error      | StdDev     | Ratio  | RatioSD | Gen0    | Gen1   | Allocated | Alloc Ratio |
|-------------- |-------------:|-----------:|-----------:|-------:|--------:|--------:|-------:|----------:|------------:|
| SteadyState   |     3.744 μs |  0.0194 μs |  0.0050 μs |   1.00 |    0.00 |  0.0610 |      - |     536 B |        1.00 |
| PhysicsRebake | 3,714.824 μs | 41.6997 μs | 10.8293 μs | 992.34 |    3.45 | 35.1563 | 3.9063 |  316979 B |      591.38 |

// * Legends *
  Mean        : Arithmetic mean of all measurements
  Error       : Half of 99.9% confidence interval
  StdDev      : Standard deviation of all measurements
  Ratio       : Mean of the ratio distribution ([Current]/[Baseline])
  RatioSD     : Standard deviation of the ratio distribution ([Current]/[Baseline])
  Gen0        : GC Generation 0 collects per 1000 operations
  Gen1        : GC Generation 1 collects per 1000 operations
  Allocated   : Allocated memory per single operation (managed only, inclusive, 1KB = 1024B)
  Alloc Ratio : Allocated memory ratio distribution ([Current]/[Baseline])
  1 μs        : 1 Microsecond (0.000001 sec)

// * Diagnostic Output - MemoryDiagnoser *


// ***** BenchmarkRunner: End *****
Run time: 00:00:20 (20.66 sec), executed benchmarks: 2

Global total time: 00:00:25 (25.41 sec), executed benchmarks: 2
// * Artifacts cleanup *
Artifacts cleanup is finished
