// Validating benchmarks:
// ***** BenchmarkRunner: Start   *****
// ***** Found 2 benchmark(s) in total *****
// ***** Building 1 exe(s) in Parallel: Start   *****
// start dotnet  restore /p:UseSharedCompilation=false /p:BuildInParallel=false /m:1 /p:Deterministic=true /p:Optimize=true in /Users/a1/Documents/GitHub/PizzaJam2026/Server/Framework/Benchmarks/Deterministic.GameFramework.Navigation.Benchmarks/bin/Release/net8.0/0838a987-ebed-4315-9f4f-c3f238a91b1f
// command took 1.36 sec and exited with 0
// start dotnet  build -c Release --no-restore /p:UseSharedCompilation=false /p:BuildInParallel=false /m:1 /p:Deterministic=true /p:Optimize=true in /Users/a1/Documents/GitHub/PizzaJam2026/Server/Framework/Benchmarks/Deterministic.GameFramework.Navigation.Benchmarks/bin/Release/net8.0/0838a987-ebed-4315-9f4f-c3f238a91b1f
// command took 3.06 sec and exited with 0
// ***** Done, took 00:00:04 (4.49 sec)   *****
// Found 2 benchmarks:
//   PhysicsBakeBenchmark.SteadyState: Job-WMPUKD(Runtime=.NET 8.0, IterationCount=5, WarmupCount=2)
//   PhysicsBakeBenchmark.PhysicsRebake: Job-WMPUKD(Runtime=.NET 8.0, IterationCount=5, WarmupCount=2)

// **************************
// Benchmark: PhysicsBakeBenchmark.SteadyState: Job-WMPUKD(Runtime=.NET 8.0, IterationCount=5, WarmupCount=2)
// *** Execute ***
// Launch: 1 / 1
// Execute: dotnet 0838a987-ebed-4315-9f4f-c3f238a91b1f.dll --anonymousPipes 117 118 --benchmarkName Deterministic.GameFramework.Navigation.Benchmarks.PhysicsBakeBenchmark.SteadyState --job "Runtime=.NET 8.0, IterationCount=5, WarmupCount=2" --benchmarkId 0 in /Users/a1/Documents/GitHub/PizzaJam2026/Server/Framework/Benchmarks/Deterministic.GameFramework.Navigation.Benchmarks/bin/Release/net8.0/0838a987-ebed-4315-9f4f-c3f238a91b1f/bin/Release/net8.0
// Failed to set up high priority (Permission denied). In order to run benchmarks with high priority, make sure you have the right permissions.
// BeforeAnythingElse

// Benchmark Process Environment Information:
// BenchmarkDotNet v0.13.12
// Runtime=.NET 8.0.19 (8.0.1925.36514), Arm64 RyuJIT AdvSIMD
// GC=Concurrent Workstation
// HardwareIntrinsics=AdvSIMD,AES,CRC32,DP,RDM,SHA1,SHA256 VectorSize=128
// Job: Job-VFSSKG(IterationCount=5, WarmupCount=2)

[ComponentId] Registered World -> Local(0) Stable(Stable(00000000-0000-0000-0000-000072b3622d))
[ComponentId] Registered Transform2D -> Local(1) Stable(Stable(aafea77a-2300-4eef-9ffc-071170bb9a26))
[ComponentId] Registered NavigationRegion2D -> Local(2) Stable(Stable(b7e2a1c3-4d56-4f89-a012-3e4f5a6b7c8d))
[ComponentId] Registered NavigationAgent2D -> Local(3) Stable(Stable(c8f3b2d4-5e67-4a90-b123-4f5a6b7c8d9e))
[ComponentId] Registered NavigationObstacle2D -> Local(4) Stable(Stable(d9a4c3e5-6f78-4b01-c234-5a6b7c8d9e0f))
[ComponentId] Registered NavigationWorld2D -> Local(5) Stable(Stable(ea5b4d6c-7f89-4012-d345-6a7b8c9d0e1f))
[ComponentId] Registered CharacterBody2D -> Local(6) Stable(Stable(1f3b7788-2947-4d66-9d33-1275d2757278))
[ComponentId] Registered Area2D -> Local(7) Stable(Stable(42ac8ac3-53d6-40ca-9f7e-5daee2548ba6))
[ComponentId] Registered StaticBody2D -> Local(8) Stable(Stable(56221147-3807-449e-8c88-e92544a47833))
[ComponentId] Registered RigidBody2D -> Local(9) Stable(Stable(8014592a-3375-4c07-ae29-598114227003))
[ComponentId] Registered CollisionShape2D -> Local(10) Stable(Stable(c9075775-7634-45e0-a006-037000784226))
[ComponentId] Registered PhysicsWorldState -> Local(11) Stable(Stable(fb4fe7e4-2244-48ea-9ec5-0a972a3861d4))
OverheadJitting  1: 1 op, 105000.00 ns, 105.0000 us/op
WorkloadJitting  1: 1 op, 398584.00 ns, 398.5840 us/op

OverheadJitting  2: 16 op, 118125.00 ns, 7.3828 us/op
WorkloadJitting  2: 16 op, 934584.00 ns, 58.4115 us/op

WorkloadPilot    1: 16 op, 689333.00 ns, 43.0833 us/op
WorkloadPilot    2: 32 op, 1368750.00 ns, 42.7734 us/op
WorkloadPilot    3: 64 op, 2600084.00 ns, 40.6263 us/op
WorkloadPilot    4: 128 op, 4904750.00 ns, 38.3184 us/op
WorkloadPilot    5: 256 op, 9656666.00 ns, 37.7214 us/op
WorkloadPilot    6: 512 op, 18589250.00 ns, 36.3071 us/op
WorkloadPilot    7: 1024 op, 36644250.00 ns, 35.7854 us/op
WorkloadPilot    8: 2048 op, 71827000.00 ns, 35.0718 us/op
WorkloadPilot    9: 4096 op, 150438334.00 ns, 36.7281 us/op
WorkloadPilot   10: 8192 op, 160779958.00 ns, 19.6265 us/op
WorkloadPilot   11: 16384 op, 106876916.00 ns, 6.5232 us/op
WorkloadPilot   12: 32768 op, 143224292.00 ns, 4.3709 us/op
WorkloadPilot   13: 65536 op, 286358500.00 ns, 4.3695 us/op
WorkloadPilot   14: 131072 op, 567821291.00 ns, 4.3321 us/op

OverheadWarmup   1: 131072 op, 264292.00 ns, 2.0164 ns/op
OverheadWarmup   2: 131072 op, 288250.00 ns, 2.1992 ns/op
OverheadWarmup   3: 131072 op, 274458.00 ns, 2.0939 ns/op
OverheadWarmup   4: 131072 op, 259125.00 ns, 1.9770 ns/op
OverheadWarmup   5: 131072 op, 257125.00 ns, 1.9617 ns/op
OverheadWarmup   6: 131072 op, 259292.00 ns, 1.9782 ns/op
OverheadWarmup   7: 131072 op, 270167.00 ns, 2.0612 ns/op
OverheadWarmup   8: 131072 op, 261000.00 ns, 1.9913 ns/op

OverheadActual   1: 131072 op, 268917.00 ns, 2.0517 ns/op
OverheadActual   2: 131072 op, 258625.00 ns, 1.9732 ns/op
OverheadActual   3: 131072 op, 257042.00 ns, 1.9611 ns/op
OverheadActual   4: 131072 op, 263792.00 ns, 2.0126 ns/op
OverheadActual   5: 131072 op, 286542.00 ns, 2.1861 ns/op
OverheadActual   6: 131072 op, 264083.00 ns, 2.0148 ns/op
OverheadActual   7: 131072 op, 264167.00 ns, 2.0154 ns/op
OverheadActual   8: 131072 op, 276917.00 ns, 2.1127 ns/op
OverheadActual   9: 131072 op, 275042.00 ns, 2.0984 ns/op
OverheadActual  10: 131072 op, 268958.00 ns, 2.0520 ns/op
OverheadActual  11: 131072 op, 265417.00 ns, 2.0250 ns/op
OverheadActual  12: 131072 op, 261792.00 ns, 1.9973 ns/op
OverheadActual  13: 131072 op, 265416.00 ns, 2.0250 ns/op
OverheadActual  14: 131072 op, 276375.00 ns, 2.1086 ns/op
OverheadActual  15: 131072 op, 266542.00 ns, 2.0336 ns/op

WorkloadWarmup   1: 131072 op, 570245417.00 ns, 4.3506 us/op
WorkloadWarmup   2: 131072 op, 568699458.00 ns, 4.3388 us/op

// BeforeActualRun
WorkloadActual   1: 131072 op, 568204834.00 ns, 4.3351 us/op
WorkloadActual   2: 131072 op, 568497959.00 ns, 4.3373 us/op
WorkloadActual   3: 131072 op, 566103833.00 ns, 4.3190 us/op
WorkloadActual   4: 131072 op, 566999250.00 ns, 4.3259 us/op
WorkloadActual   5: 131072 op, 566129667.00 ns, 4.3192 us/op

// AfterActualRun
WorkloadResult   1: 131072 op, 567939417.00 ns, 4.3330 us/op
WorkloadResult   2: 131072 op, 568232542.00 ns, 4.3353 us/op
WorkloadResult   3: 131072 op, 565838416.00 ns, 4.3170 us/op
WorkloadResult   4: 131072 op, 566733833.00 ns, 4.3238 us/op
WorkloadResult   5: 131072 op, 565864250.00 ns, 4.3172 us/op
// GC:  4 0 0 35652320 131072
// Threading:  0 0 131072

// AfterAll
// Benchmark Process 17937 has exited with code 0.

Mean = 4.325 μs, StdErr = 0.004 μs (0.09%), N = 5, StdDev = 0.009 μs
Min = 4.317 μs, Q1 = 4.317 μs, Median = 4.324 μs, Q3 = 4.333 μs, Max = 4.335 μs
IQR = 0.016 μs, LowerFence = 4.293 μs, UpperFence = 4.357 μs
ConfidenceInterval = [4.292 μs; 4.358 μs] (CI 99.9%), Margin = 0.033 μs (0.77% of Mean)
Skewness = 0.12, Kurtosis = 0.82, MValue = 2

// ** Remained 1 (50,0 %) benchmark(s) to run. Estimated finish 2026-03-26 12:11 (0h 0m from now) **
// **************************
// Benchmark: PhysicsBakeBenchmark.PhysicsRebake: Job-WMPUKD(Runtime=.NET 8.0, IterationCount=5, WarmupCount=2)
// *** Execute ***
// Launch: 1 / 1
// Execute: dotnet 0838a987-ebed-4315-9f4f-c3f238a91b1f.dll --anonymousPipes 119 120 --benchmarkName Deterministic.GameFramework.Navigation.Benchmarks.PhysicsBakeBenchmark.PhysicsRebake --job "Runtime=.NET 8.0, IterationCount=5, WarmupCount=2" --benchmarkId 1 in /Users/a1/Documents/GitHub/PizzaJam2026/Server/Framework/Benchmarks/Deterministic.GameFramework.Navigation.Benchmarks/bin/Release/net8.0/0838a987-ebed-4315-9f4f-c3f238a91b1f/bin/Release/net8.0
// Failed to set up high priority (Permission denied). In order to run benchmarks with high priority, make sure you have the right permissions.
// BeforeAnythingElse

// Benchmark Process Environment Information:
// BenchmarkDotNet v0.13.12
// Runtime=.NET 8.0.19 (8.0.1925.36514), Arm64 RyuJIT AdvSIMD
// GC=Concurrent Workstation
// HardwareIntrinsics=AdvSIMD,AES,CRC32,DP,RDM,SHA1,SHA256 VectorSize=128
// Job: Job-CTUJLY(IterationCount=5, WarmupCount=2)

[ComponentId] Registered World -> Local(0) Stable(Stable(00000000-0000-0000-0000-000072b3622d))
[ComponentId] Registered Transform2D -> Local(1) Stable(Stable(aafea77a-2300-4eef-9ffc-071170bb9a26))
[ComponentId] Registered NavigationRegion2D -> Local(2) Stable(Stable(b7e2a1c3-4d56-4f89-a012-3e4f5a6b7c8d))
[ComponentId] Registered NavigationAgent2D -> Local(3) Stable(Stable(c8f3b2d4-5e67-4a90-b123-4f5a6b7c8d9e))
[ComponentId] Registered NavigationObstacle2D -> Local(4) Stable(Stable(d9a4c3e5-6f78-4b01-c234-5a6b7c8d9e0f))
[ComponentId] Registered NavigationWorld2D -> Local(5) Stable(Stable(ea5b4d6c-7f89-4012-d345-6a7b8c9d0e1f))
[ComponentId] Registered CharacterBody2D -> Local(6) Stable(Stable(1f3b7788-2947-4d66-9d33-1275d2757278))
[ComponentId] Registered Area2D -> Local(7) Stable(Stable(42ac8ac3-53d6-40ca-9f7e-5daee2548ba6))
[ComponentId] Registered StaticBody2D -> Local(8) Stable(Stable(56221147-3807-449e-8c88-e92544a47833))
[ComponentId] Registered RigidBody2D -> Local(9) Stable(Stable(8014592a-3375-4c07-ae29-598114227003))
[ComponentId] Registered CollisionShape2D -> Local(10) Stable(Stable(c9075775-7634-45e0-a006-037000784226))
[ComponentId] Registered PhysicsWorldState -> Local(11) Stable(Stable(fb4fe7e4-2244-48ea-9ec5-0a972a3861d4))
OverheadJitting  1: 1 op, 134542.00 ns, 134.5420 us/op
WorkloadJitting  1: 1 op, 14716667.00 ns, 14.7167 ms/op

OverheadJitting  2: 16 op, 116208.00 ns, 7.2630 us/op
WorkloadJitting  2: 16 op, 246784917.00 ns, 15.4241 ms/op

WorkloadPilot    1: 16 op, 171401291.00 ns, 10.7126 ms/op
WorkloadPilot    2: 32 op, 141888833.00 ns, 4.4340 ms/op
WorkloadPilot    3: 64 op, 256909708.00 ns, 4.0142 ms/op
WorkloadPilot    4: 128 op, 476680250.00 ns, 3.7241 ms/op
WorkloadPilot    5: 256 op, 942762125.00 ns, 3.6827 ms/op

OverheadWarmup   1: 256 op, 1625.00 ns, 6.3477 ns/op
OverheadWarmup   2: 256 op, 583.00 ns, 2.2773 ns/op
OverheadWarmup   3: 256 op, 1250.00 ns, 4.8828 ns/op
OverheadWarmup   4: 256 op, 750.00 ns, 2.9297 ns/op
OverheadWarmup   5: 256 op, 917.00 ns, 3.5820 ns/op
OverheadWarmup   6: 256 op, 792.00 ns, 3.0938 ns/op

OverheadActual   1: 256 op, 542.00 ns, 2.1172 ns/op
OverheadActual   2: 256 op, 1333.00 ns, 5.2070 ns/op
OverheadActual   3: 256 op, 792.00 ns, 3.0938 ns/op
OverheadActual   4: 256 op, 750.00 ns, 2.9297 ns/op
OverheadActual   5: 256 op, 792.00 ns, 3.0938 ns/op
OverheadActual   6: 256 op, 791.00 ns, 3.0898 ns/op
OverheadActual   7: 256 op, 1209.00 ns, 4.7227 ns/op
OverheadActual   8: 256 op, 583.00 ns, 2.2773 ns/op
OverheadActual   9: 256 op, 625.00 ns, 2.4414 ns/op
OverheadActual  10: 256 op, 584.00 ns, 2.2812 ns/op
OverheadActual  11: 256 op, 1000.00 ns, 3.9062 ns/op
OverheadActual  12: 256 op, 750.00 ns, 2.9297 ns/op
OverheadActual  13: 256 op, 750.00 ns, 2.9297 ns/op
OverheadActual  14: 256 op, 875.00 ns, 3.4180 ns/op
OverheadActual  15: 256 op, 583.00 ns, 2.2773 ns/op
OverheadActual  16: 256 op, 667.00 ns, 2.6055 ns/op
OverheadActual  17: 256 op, 667.00 ns, 2.6055 ns/op
OverheadActual  18: 256 op, 1625.00 ns, 6.3477 ns/op
OverheadActual  19: 256 op, 1000.00 ns, 3.9062 ns/op
OverheadActual  20: 256 op, 791.00 ns, 3.0898 ns/op

WorkloadWarmup   1: 256 op, 943574000.00 ns, 3.6858 ms/op
WorkloadWarmup   2: 256 op, 938986958.00 ns, 3.6679 ms/op

// BeforeActualRun
WorkloadActual   1: 256 op, 940888375.00 ns, 3.6753 ms/op
WorkloadActual   2: 256 op, 941418917.00 ns, 3.6774 ms/op
WorkloadActual   3: 256 op, 952647875.00 ns, 3.7213 ms/op
WorkloadActual   4: 256 op, 949794541.00 ns, 3.7101 ms/op
WorkloadActual   5: 256 op, 945062541.00 ns, 3.6917 ms/op

// AfterActualRun
WorkloadResult   1: 256 op, 940887604.50 ns, 3.6753 ms/op
WorkloadResult   2: 256 op, 941418146.50 ns, 3.6774 ms/op
WorkloadResult   3: 256 op, 952647104.50 ns, 3.7213 ms/op
WorkloadResult   4: 256 op, 949793770.50 ns, 3.7101 ms/op
WorkloadResult   5: 256 op, 945061770.50 ns, 3.6916 ms/op
// GC:  0 0 0 1700576 256
// Threading:  0 0 256

// AfterAll
// Benchmark Process 17941 has exited with code 0.

Mean = 3.695 ms, StdErr = 0.009 ms (0.24%), N = 5, StdDev = 0.020 ms
Min = 3.675 ms, Q1 = 3.677 ms, Median = 3.692 ms, Q3 = 3.710 ms, Max = 3.721 ms
IQR = 0.033 ms, LowerFence = 3.628 ms, UpperFence = 3.759 ms
ConfidenceInterval = [3.618 ms; 3.773 ms] (CI 99.9%), Margin = 0.078 ms (2.10% of Mean)
Skewness = 0.19, Kurtosis = 0.93, MValue = 2

// ** Remained 0 (0,0 %) benchmark(s) to run. Estimated finish 2026-03-26 12:11 (0h 0m from now) **
// ***** BenchmarkRunner: Finish  *****

// * Export *
  BenchmarkDotNet.Artifacts/results/Deterministic.GameFramework.Navigation.Benchmarks.PhysicsBakeBenchmark-report.csv
  BenchmarkDotNet.Artifacts/results/Deterministic.GameFramework.Navigation.Benchmarks.PhysicsBakeBenchmark-report-github.md
  BenchmarkDotNet.Artifacts/results/Deterministic.GameFramework.Navigation.Benchmarks.PhysicsBakeBenchmark-report.html

// * Detailed results *
PhysicsBakeBenchmark.SteadyState: Job-WMPUKD(Runtime=.NET 8.0, IterationCount=5, WarmupCount=2)
Runtime = .NET 8.0.19 (8.0.1925.36514), Arm64 RyuJIT AdvSIMD; GC = Concurrent Workstation
Mean = 4.325 μs, StdErr = 0.004 μs (0.09%), N = 5, StdDev = 0.009 μs
Min = 4.317 μs, Q1 = 4.317 μs, Median = 4.324 μs, Q3 = 4.333 μs, Max = 4.335 μs
IQR = 0.016 μs, LowerFence = 4.293 μs, UpperFence = 4.357 μs
ConfidenceInterval = [4.292 μs; 4.358 μs] (CI 99.9%), Margin = 0.033 μs (0.77% of Mean)
Skewness = 0.12, Kurtosis = 0.82, MValue = 2
-------------------- Histogram --------------------
[4.310 μs ; 4.342 μs) | @@@@@
---------------------------------------------------

PhysicsBakeBenchmark.PhysicsRebake: Job-WMPUKD(Runtime=.NET 8.0, IterationCount=5, WarmupCount=2)
Runtime = .NET 8.0.19 (8.0.1925.36514), Arm64 RyuJIT AdvSIMD; GC = Concurrent Workstation
Mean = 3.695 ms, StdErr = 0.009 ms (0.24%), N = 5, StdDev = 0.020 ms
Min = 3.675 ms, Q1 = 3.677 ms, Median = 3.692 ms, Q3 = 3.710 ms, Max = 3.721 ms
IQR = 0.033 ms, LowerFence = 3.628 ms, UpperFence = 3.759 ms
ConfidenceInterval = [3.618 ms; 3.773 ms] (CI 99.9%), Margin = 0.078 ms (2.10% of Mean)
Skewness = 0.19, Kurtosis = 0.93, MValue = 2
-------------------- Histogram --------------------
[3.660 ms ; 3.737 ms) | @@@@@
---------------------------------------------------

// * Summary *

BenchmarkDotNet v0.13.12, macOS 26.3 (25D125) [Darwin 25.3.0]
Apple M2 Pro, 1 CPU, 10 logical and 10 physical cores
.NET SDK 10.0.105
  [Host]     : .NET 8.0.19 (8.0.1925.36514), Arm64 RyuJIT AdvSIMD
  Job-WMPUKD : .NET 8.0.19 (8.0.1925.36514), Arm64 RyuJIT AdvSIMD

Runtime=.NET 8.0  IterationCount=5  WarmupCount=2  

| Method        | Mean         | Error      | StdDev     | Ratio  | RatioSD | Gen0   | Allocated | Alloc Ratio |
|-------------- |-------------:|-----------:|-----------:|-------:|--------:|-------:|----------:|------------:|
| SteadyState   |     4.325 μs |  0.0331 μs |  0.0086 μs |   1.00 |    0.00 | 0.0305 |     272 B |        1.00 |
| PhysicsRebake | 3,695.163 μs | 77.6427 μs | 20.1636 μs | 854.33 |    6.08 |      - |    6643 B |       24.42 |

// * Legends *
  Mean        : Arithmetic mean of all measurements
  Error       : Half of 99.9% confidence interval
  StdDev      : Standard deviation of all measurements
  Ratio       : Mean of the ratio distribution ([Current]/[Baseline])
  RatioSD     : Standard deviation of the ratio distribution ([Current]/[Baseline])
  Gen0        : GC Generation 0 collects per 1000 operations
  Allocated   : Allocated memory per single operation (managed only, inclusive, 1KB = 1024B)
  Alloc Ratio : Allocated memory ratio distribution ([Current]/[Baseline])
  1 μs        : 1 Microsecond (0.000001 sec)

// * Diagnostic Output - MemoryDiagnoser *


// ***** BenchmarkRunner: End *****
Run time: 00:00:16 (16.39 sec), executed benchmarks: 2

Global total time: 00:00:21 (21.08 sec), executed benchmarks: 2
// * Artifacts cleanup *
Artifacts cleanup is finished
