// Validating benchmarks:
// ***** BenchmarkRunner: Start   *****
// ***** Found 2 benchmark(s) in total *****
// ***** Building 1 exe(s) in Parallel: Start   *****
// start dotnet  restore /p:UseSharedCompilation=false /p:BuildInParallel=false /m:1 /p:Deterministic=true /p:Optimize=true in /Users/a1/Documents/GitHub/PizzaJam2026/Server/Framework/Benchmarks/Deterministic.GameFramework.Navigation.Benchmarks/bin/Release/net8.0/b44ab1e6-84a9-4b86-a858-79036f0a8e33
// command took 2.65 sec and exited with 0
// start dotnet  build -c Release --no-restore /p:UseSharedCompilation=false /p:BuildInParallel=false /m:1 /p:Deterministic=true /p:Optimize=true in /Users/a1/Documents/GitHub/PizzaJam2026/Server/Framework/Benchmarks/Deterministic.GameFramework.Navigation.Benchmarks/bin/Release/net8.0/b44ab1e6-84a9-4b86-a858-79036f0a8e33
// command took 2.99 sec and exited with 0
// ***** Done, took 00:00:05 (5.71 sec)   *****
// Found 2 benchmarks:
//   PhysicsBakeBenchmark.SteadyState: Job-OYUKFN(Runtime=.NET 8.0, IterationCount=5, WarmupCount=2)
//   PhysicsBakeBenchmark.PhysicsRebake: Job-OYUKFN(Runtime=.NET 8.0, IterationCount=5, WarmupCount=2)

// **************************
// Benchmark: PhysicsBakeBenchmark.SteadyState: Job-OYUKFN(Runtime=.NET 8.0, IterationCount=5, WarmupCount=2)
// *** Execute ***
// Launch: 1 / 1
// Execute: dotnet b44ab1e6-84a9-4b86-a858-79036f0a8e33.dll --anonymousPipes 117 118 --benchmarkName Deterministic.GameFramework.Navigation.Benchmarks.PhysicsBakeBenchmark.SteadyState --job "Runtime=.NET 8.0, IterationCount=5, WarmupCount=2" --benchmarkId 0 in /Users/a1/Documents/GitHub/PizzaJam2026/Server/Framework/Benchmarks/Deterministic.GameFramework.Navigation.Benchmarks/bin/Release/net8.0/b44ab1e6-84a9-4b86-a858-79036f0a8e33/bin/Release/net8.0
// Failed to set up high priority (Permission denied). In order to run benchmarks with high priority, make sure you have the right permissions.
// BeforeAnythingElse

// Benchmark Process Environment Information:
// BenchmarkDotNet v0.13.12
// Runtime=.NET 8.0.19 (8.0.1925.36514), Arm64 RyuJIT AdvSIMD
// GC=Concurrent Workstation
// HardwareIntrinsics=AdvSIMD,AES,CRC32,DP,RDM,SHA1,SHA256 VectorSize=128
// Job: Job-FMNTCO(IterationCount=5, WarmupCount=2)

[ComponentId] Registered World -> Local(0) Stable(Stable(00000000-0000-0000-0000-000072b3622d))
[ComponentId] Registered Transform2D -> Local(1) Stable(Stable(aafea77a-2300-4eef-9ffc-071170bb9a26))
[ComponentId] Registered NavigationRegion2D -> Local(2) Stable(Stable(b7e2a1c3-4d56-4f89-a012-3e4f5a6b7c8d))
[ComponentId] Registered NavigationAgent2D -> Local(3) Stable(Stable(c8f3b2d4-5e67-4a90-b123-4f5a6b7c8d9e))
[ComponentId] Registered NavigationObstacle2D -> Local(4) Stable(Stable(d9a4c3e5-6f78-4b01-c234-5a6b7c8d9e0f))
[ComponentId] Registered NavigationWorld2D -> Local(5) Stable(Stable(ea5b4d6c-7f89-4012-d345-6a7b8c9d0e1f))
[ComponentId] Registered CharacterBody2D -> Local(6) Stable(Stable(1f3b7788-2947-4d66-9d33-1275d2757278))
[ComponentId] Registered Area2D -> Local(7) Stable(Stable(42ac8ac3-53d6-40ca-9f7e-5daee2548ba6))
[ComponentId] Registered StaticBody2D -> Local(8) Stable(Stable(56221147-3807-449e-8c88-e92544a47833))
[ComponentId] Registered RigidBody2D -> Local(9) Stable(Stable(8014592a-3375-4c07-ae29-598114227003))
[ComponentId] Registered CollisionShape2D -> Local(10) Stable(Stable(c9075775-7634-45e0-a006-037000784226))
[ComponentId] Registered PhysicsWorldState -> Local(11) Stable(Stable(fb4fe7e4-2244-48ea-9ec5-0a972a3861d4))
OverheadJitting  1: 1 op, 118667.00 ns, 118.6670 us/op
WorkloadJitting  1: 1 op, 555625.00 ns, 555.6250 us/op

OverheadJitting  2: 16 op, 107292.00 ns, 6.7058 us/op
WorkloadJitting  2: 16 op, 4662959.00 ns, 291.4349 us/op

WorkloadPilot    1: 16 op, 4674750.00 ns, 292.1719 us/op
WorkloadPilot    2: 32 op, 9192833.00 ns, 287.2760 us/op
WorkloadPilot    3: 64 op, 18246042.00 ns, 285.0944 us/op
WorkloadPilot    4: 128 op, 35750167.00 ns, 279.2982 us/op
WorkloadPilot    5: 256 op, 71613958.00 ns, 279.7420 us/op
WorkloadPilot    6: 512 op, 26643584.00 ns, 52.0382 us/op
WorkloadPilot    7: 1024 op, 53218500.00 ns, 51.9712 us/op
WorkloadPilot    8: 2048 op, 102673458.00 ns, 50.1335 us/op
WorkloadPilot    9: 4096 op, 185752000.00 ns, 45.3496 us/op
WorkloadPilot   10: 8192 op, 287767292.00 ns, 35.1278 us/op
WorkloadPilot   11: 16384 op, 579984459.00 ns, 35.3994 us/op

OverheadWarmup   1: 16384 op, 34417.00 ns, 2.1006 ns/op
OverheadWarmup   2: 16384 op, 32250.00 ns, 1.9684 ns/op
OverheadWarmup   3: 16384 op, 36500.00 ns, 2.2278 ns/op
OverheadWarmup   4: 16384 op, 33042.00 ns, 2.0167 ns/op
OverheadWarmup   5: 16384 op, 37500.00 ns, 2.2888 ns/op
OverheadWarmup   6: 16384 op, 32375.00 ns, 1.9760 ns/op

OverheadActual   1: 16384 op, 37375.00 ns, 2.2812 ns/op
OverheadActual   2: 16384 op, 35750.00 ns, 2.1820 ns/op
OverheadActual   3: 16384 op, 32375.00 ns, 1.9760 ns/op
OverheadActual   4: 16384 op, 31833.00 ns, 1.9429 ns/op
OverheadActual   5: 16384 op, 32291.00 ns, 1.9709 ns/op
OverheadActual   6: 16384 op, 33042.00 ns, 2.0167 ns/op
OverheadActual   7: 16384 op, 33375.00 ns, 2.0370 ns/op
OverheadActual   8: 16384 op, 32250.00 ns, 1.9684 ns/op
OverheadActual   9: 16384 op, 41166.00 ns, 2.5126 ns/op
OverheadActual  10: 16384 op, 32500.00 ns, 1.9836 ns/op
OverheadActual  11: 16384 op, 32042.00 ns, 1.9557 ns/op
OverheadActual  12: 16384 op, 38833.00 ns, 2.3702 ns/op
OverheadActual  13: 16384 op, 32417.00 ns, 1.9786 ns/op
OverheadActual  14: 16384 op, 35583.00 ns, 2.1718 ns/op
OverheadActual  15: 16384 op, 39458.00 ns, 2.4083 ns/op
OverheadActual  16: 16384 op, 32333.00 ns, 1.9734 ns/op
OverheadActual  17: 16384 op, 43458.00 ns, 2.6525 ns/op
OverheadActual  18: 16384 op, 34042.00 ns, 2.0778 ns/op
OverheadActual  19: 16384 op, 32333.00 ns, 1.9734 ns/op
OverheadActual  20: 16384 op, 35583.00 ns, 2.1718 ns/op

WorkloadWarmup   1: 16384 op, 579600375.00 ns, 35.3760 us/op
WorkloadWarmup   2: 16384 op, 582975583.00 ns, 35.5820 us/op

// BeforeActualRun
WorkloadActual   1: 16384 op, 575642541.00 ns, 35.1344 us/op
WorkloadActual   2: 16384 op, 578647334.00 ns, 35.3178 us/op
WorkloadActual   3: 16384 op, 637554209.00 ns, 38.9132 us/op
WorkloadActual   4: 16384 op, 628481917.00 ns, 38.3595 us/op
WorkloadActual   5: 16384 op, 717252958.00 ns, 43.7776 us/op

// AfterActualRun
WorkloadResult   1: 16384 op, 575609332.50 ns, 35.1324 us/op
WorkloadResult   2: 16384 op, 578614125.50 ns, 35.3158 us/op
WorkloadResult   3: 16384 op, 637521000.50 ns, 38.9112 us/op
WorkloadResult   4: 16384 op, 628448708.50 ns, 38.3575 us/op
WorkloadResult   5: 16384 op, 717219749.50 ns, 43.7756 us/op
// GC:  1 0 0 8782560 16384
// Threading:  0 0 16384

// AfterAll
// Benchmark Process 17406 has exited with code 0.

Mean = 38.298 μs, StdErr = 1.570 μs (4.10%), N = 5, StdDev = 3.511 μs
Min = 35.132 μs, Q1 = 35.316 μs, Median = 38.357 μs, Q3 = 38.911 μs, Max = 43.776 μs
IQR = 3.595 μs, LowerFence = 29.923 μs, UpperFence = 44.304 μs
ConfidenceInterval = [24.780 μs; 51.817 μs] (CI 99.9%), Margin = 13.518 μs (35.30% of Mean)
Skewness = 0.49, Kurtosis = 1.42, MValue = 2

// ** Remained 1 (50,0 %) benchmark(s) to run. Estimated finish 2026-03-26 11:59 (0h 0m from now) **
// **************************
// Benchmark: PhysicsBakeBenchmark.PhysicsRebake: Job-OYUKFN(Runtime=.NET 8.0, IterationCount=5, WarmupCount=2)
// *** Execute ***
// Launch: 1 / 1
// Execute: dotnet b44ab1e6-84a9-4b86-a858-79036f0a8e33.dll --anonymousPipes 119 120 --benchmarkName Deterministic.GameFramework.Navigation.Benchmarks.PhysicsBakeBenchmark.PhysicsRebake --job "Runtime=.NET 8.0, IterationCount=5, WarmupCount=2" --benchmarkId 1 in /Users/a1/Documents/GitHub/PizzaJam2026/Server/Framework/Benchmarks/Deterministic.GameFramework.Navigation.Benchmarks/bin/Release/net8.0/b44ab1e6-84a9-4b86-a858-79036f0a8e33/bin/Release/net8.0
// Failed to set up high priority (Permission denied). In order to run benchmarks with high priority, make sure you have the right permissions.
// BeforeAnythingElse

// Benchmark Process Environment Information:
// BenchmarkDotNet v0.13.12
// Runtime=.NET 8.0.19 (8.0.1925.36514), Arm64 RyuJIT AdvSIMD
// GC=Concurrent Workstation
// HardwareIntrinsics=AdvSIMD,AES,CRC32,DP,RDM,SHA1,SHA256 VectorSize=128
// Job: Job-NGEBCW(IterationCount=5, WarmupCount=2)

[ComponentId] Registered World -> Local(0) Stable(Stable(00000000-0000-0000-0000-000072b3622d))
[ComponentId] Registered Transform2D -> Local(1) Stable(Stable(aafea77a-2300-4eef-9ffc-071170bb9a26))
[ComponentId] Registered NavigationRegion2D -> Local(2) Stable(Stable(b7e2a1c3-4d56-4f89-a012-3e4f5a6b7c8d))
[ComponentId] Registered NavigationAgent2D -> Local(3) Stable(Stable(c8f3b2d4-5e67-4a90-b123-4f5a6b7c8d9e))
[ComponentId] Registered NavigationObstacle2D -> Local(4) Stable(Stable(d9a4c3e5-6f78-4b01-c234-5a6b7c8d9e0f))
[ComponentId] Registered NavigationWorld2D -> Local(5) Stable(Stable(ea5b4d6c-7f89-4012-d345-6a7b8c9d0e1f))
[ComponentId] Registered CharacterBody2D -> Local(6) Stable(Stable(1f3b7788-2947-4d66-9d33-1275d2757278))
[ComponentId] Registered Area2D -> Local(7) Stable(Stable(42ac8ac3-53d6-40ca-9f7e-5daee2548ba6))
[ComponentId] Registered StaticBody2D -> Local(8) Stable(Stable(56221147-3807-449e-8c88-e92544a47833))
[ComponentId] Registered RigidBody2D -> Local(9) Stable(Stable(8014592a-3375-4c07-ae29-598114227003))
[ComponentId] Registered CollisionShape2D -> Local(10) Stable(Stable(c9075775-7634-45e0-a006-037000784226))
[ComponentId] Registered PhysicsWorldState -> Local(11) Stable(Stable(fb4fe7e4-2244-48ea-9ec5-0a972a3861d4))
OverheadJitting  1: 1 op, 126500.00 ns, 126.5000 us/op
WorkloadJitting  1: 1 op, 181086083.00 ns, 181.0861 ms/op

WorkloadPilot    1: 2 op, 269231416.00 ns, 134.6157 ms/op
WorkloadPilot    2: 3 op, 370305208.00 ns, 123.4351 ms/op
WorkloadPilot    3: 4 op, 452214500.00 ns, 113.0536 ms/op
WorkloadPilot    4: 5 op, 558202917.00 ns, 111.6406 ms/op

WorkloadWarmup   1: 5 op, 570978167.00 ns, 114.1956 ms/op
WorkloadWarmup   2: 5 op, 565604875.00 ns, 113.1210 ms/op

// BeforeActualRun
WorkloadActual   1: 5 op, 559860167.00 ns, 111.9720 ms/op
WorkloadActual   2: 5 op, 558784167.00 ns, 111.7568 ms/op
WorkloadActual   3: 5 op, 555566583.00 ns, 111.1133 ms/op
WorkloadActual   4: 5 op, 556380333.00 ns, 111.2761 ms/op
WorkloadActual   5: 5 op, 554234000.00 ns, 110.8468 ms/op

// AfterActualRun
WorkloadResult   1: 5 op, 559860167.00 ns, 111.9720 ms/op
WorkloadResult   2: 5 op, 558784167.00 ns, 111.7568 ms/op
WorkloadResult   3: 5 op, 555566583.00 ns, 111.1133 ms/op
WorkloadResult   4: 5 op, 556380333.00 ns, 111.2761 ms/op
WorkloadResult   5: 5 op, 554234000.00 ns, 110.8468 ms/op
// GC:  5 3 1 47469824 5
// Threading:  0 0 5

// AfterAll
// Benchmark Process 17419 has exited with code 0.

Mean = 111.393 ms, StdErr = 0.207 ms (0.19%), N = 5, StdDev = 0.463 ms
Min = 110.847 ms, Q1 = 111.113 ms, Median = 111.276 ms, Q3 = 111.757 ms, Max = 111.972 ms
IQR = 0.644 ms, LowerFence = 110.148 ms, UpperFence = 112.722 ms
ConfidenceInterval = [109.610 ms; 113.176 ms] (CI 99.9%), Margin = 1.783 ms (1.60% of Mean)
Skewness = 0.11, Kurtosis = 0.98, MValue = 2

// ** Remained 0 (0,0 %) benchmark(s) to run. Estimated finish 2026-03-26 11:59 (0h 0m from now) **
// ***** BenchmarkRunner: Finish  *****

// * Export *
  BenchmarkDotNet.Artifacts/results/Deterministic.GameFramework.Navigation.Benchmarks.PhysicsBakeBenchmark-report.csv
  BenchmarkDotNet.Artifacts/results/Deterministic.GameFramework.Navigation.Benchmarks.PhysicsBakeBenchmark-report-github.md
  BenchmarkDotNet.Artifacts/results/Deterministic.GameFramework.Navigation.Benchmarks.PhysicsBakeBenchmark-report.html

// * Detailed results *
PhysicsBakeBenchmark.SteadyState: Job-OYUKFN(Runtime=.NET 8.0, IterationCount=5, WarmupCount=2)
Runtime = .NET 8.0.19 (8.0.1925.36514), Arm64 RyuJIT AdvSIMD; GC = Concurrent Workstation
Mean = 38.298 μs, StdErr = 1.570 μs (4.10%), N = 5, StdDev = 3.511 μs
Min = 35.132 μs, Q1 = 35.316 μs, Median = 38.357 μs, Q3 = 38.911 μs, Max = 43.776 μs
IQR = 3.595 μs, LowerFence = 29.923 μs, UpperFence = 44.304 μs
ConfidenceInterval = [24.780 μs; 51.817 μs] (CI 99.9%), Margin = 13.518 μs (35.30% of Mean)
Skewness = 0.49, Kurtosis = 1.42, MValue = 2
-------------------- Histogram --------------------
[34.327 μs ; 41.081 μs) | @@@@
[41.081 μs ; 46.470 μs) | @
---------------------------------------------------

PhysicsBakeBenchmark.PhysicsRebake: Job-OYUKFN(Runtime=.NET 8.0, IterationCount=5, WarmupCount=2)
Runtime = .NET 8.0.19 (8.0.1925.36514), Arm64 RyuJIT AdvSIMD; GC = Concurrent Workstation
Mean = 111.393 ms, StdErr = 0.207 ms (0.19%), N = 5, StdDev = 0.463 ms
Min = 110.847 ms, Q1 = 111.113 ms, Median = 111.276 ms, Q3 = 111.757 ms, Max = 111.972 ms
IQR = 0.644 ms, LowerFence = 110.148 ms, UpperFence = 112.722 ms
ConfidenceInterval = [109.610 ms; 113.176 ms] (CI 99.9%), Margin = 1.783 ms (1.60% of Mean)
Skewness = 0.11, Kurtosis = 0.98, MValue = 2
-------------------- Histogram --------------------
[110.491 ms ; 112.327 ms) | @@@@@
---------------------------------------------------

// * Summary *

BenchmarkDotNet v0.13.12, macOS 26.3 (25D125) [Darwin 25.3.0]
Apple M2 Pro, 1 CPU, 10 logical and 10 physical cores
.NET SDK 10.0.105
  [Host]     : .NET 8.0.19 (8.0.1925.36514), Arm64 RyuJIT AdvSIMD
  Job-OYUKFN : .NET 8.0.19 (8.0.1925.36514), Arm64 RyuJIT AdvSIMD

Runtime=.NET 8.0  IterationCount=5  WarmupCount=2  

| Method        | Mean          | Error       | StdDev     | Ratio    | RatioSD | Gen0      | Gen1     | Gen2     | Allocated | Alloc Ratio |
|-------------- |--------------:|------------:|-----------:|---------:|--------:|----------:|---------:|---------:|----------:|------------:|
| SteadyState   |      38.30 μs |    13.52 μs |   3.511 μs |     1.00 |    0.00 |    0.0610 |        - |        - |     536 B |        1.00 |
| PhysicsRebake | 111,393.01 μs | 1,783.27 μs | 463.110 μs | 2,928.08 |  267.28 | 1000.0000 | 600.0000 | 200.0000 | 9493965 B |   17,712.62 |

// * Legends *
  Mean        : Arithmetic mean of all measurements
  Error       : Half of 99.9% confidence interval
  StdDev      : Standard deviation of all measurements
  Ratio       : Mean of the ratio distribution ([Current]/[Baseline])
  RatioSD     : Standard deviation of the ratio distribution ([Current]/[Baseline])
  Gen0        : GC Generation 0 collects per 1000 operations
  Gen1        : GC Generation 1 collects per 1000 operations
  Gen2        : GC Generation 2 collects per 1000 operations
  Allocated   : Allocated memory per single operation (managed only, inclusive, 1KB = 1024B)
  Alloc Ratio : Allocated memory ratio distribution ([Current]/[Baseline])
  1 μs        : 1 Microsecond (0.000001 sec)

// * Diagnostic Output - MemoryDiagnoser *


// ***** BenchmarkRunner: End *****
Run time: 00:00:14 (14.34 sec), executed benchmarks: 2

Global total time: 00:00:20 (20.23 sec), executed benchmarks: 2
// * Artifacts cleanup *
Artifacts cleanup is finished
