// Validating benchmarks:
// ***** BenchmarkRunner: Start   *****
// ***** Found 2 benchmark(s) in total *****
// ***** Building 1 exe(s) in Parallel: Start   *****
// start dotnet  restore /p:UseSharedCompilation=false /p:BuildInParallel=false /m:1 /p:Deterministic=true /p:Optimize=true in /Users/a1/Documents/GitHub/PizzaJam2026/Server/Framework/Benchmarks/Deterministic.GameFramework.Navigation.Benchmarks/bin/Release/net8.0/0cbfdf3a-0f47-43f9-909d-3777c463001f
// command took 2.81 sec and exited with 0
// start dotnet  build -c Release --no-restore /p:UseSharedCompilation=false /p:BuildInParallel=false /m:1 /p:Deterministic=true /p:Optimize=true in /Users/a1/Documents/GitHub/PizzaJam2026/Server/Framework/Benchmarks/Deterministic.GameFramework.Navigation.Benchmarks/bin/Release/net8.0/0cbfdf3a-0f47-43f9-909d-3777c463001f
// command took 3.01 sec and exited with 0
// ***** Done, took 00:00:05 (5.92 sec)   *****
// Found 2 benchmarks:
//   PhysicsBakeBenchmark.SteadyState: Job-NFZOMQ(Runtime=.NET 8.0, IterationCount=5, WarmupCount=2)
//   PhysicsBakeBenchmark.PhysicsRebake: Job-NFZOMQ(Runtime=.NET 8.0, IterationCount=5, WarmupCount=2)

// **************************
// Benchmark: PhysicsBakeBenchmark.SteadyState: Job-NFZOMQ(Runtime=.NET 8.0, IterationCount=5, WarmupCount=2)
// *** Execute ***
// Launch: 1 / 1
// Execute: dotnet 0cbfdf3a-0f47-43f9-909d-3777c463001f.dll --anonymousPipes 117 118 --benchmarkName Deterministic.GameFramework.Navigation.Benchmarks.PhysicsBakeBenchmark.SteadyState --job "Runtime=.NET 8.0, IterationCount=5, WarmupCount=2" --benchmarkId 0 in /Users/a1/Documents/GitHub/PizzaJam2026/Server/Framework/Benchmarks/Deterministic.GameFramework.Navigation.Benchmarks/bin/Release/net8.0/0cbfdf3a-0f47-43f9-909d-3777c463001f/bin/Release/net8.0
// Failed to set up high priority (Permission denied). In order to run benchmarks with high priority, make sure you have the right permissions.
// BeforeAnythingElse

// Benchmark Process Environment Information:
// BenchmarkDotNet v0.13.12
// Runtime=.NET 8.0.19 (8.0.1925.36514), Arm64 RyuJIT AdvSIMD
// GC=Concurrent Workstation
// HardwareIntrinsics=AdvSIMD,AES,CRC32,DP,RDM,SHA1,SHA256 VectorSize=128
// Job: Job-VWWYOZ(IterationCount=5, WarmupCount=2)

[ComponentId] Registered World -> Local(0) Stable(Stable(00000000-0000-0000-0000-000072b3622d))
[ComponentId] Registered Transform2D -> Local(1) Stable(Stable(aafea77a-2300-4eef-9ffc-071170bb9a26))
[ComponentId] Registered NavigationRegion2D -> Local(2) Stable(Stable(b7e2a1c3-4d56-4f89-a012-3e4f5a6b7c8d))
[ComponentId] Registered NavigationAgent2D -> Local(3) Stable(Stable(c8f3b2d4-5e67-4a90-b123-4f5a6b7c8d9e))
[ComponentId] Registered NavigationObstacle2D -> Local(4) Stable(Stable(d9a4c3e5-6f78-4b01-c234-5a6b7c8d9e0f))
[ComponentId] Registered NavigationWorld2D -> Local(5) Stable(Stable(ea5b4d6c-7f89-4012-d345-6a7b8c9d0e1f))
[ComponentId] Registered CharacterBody2D -> Local(6) Stable(Stable(1f3b7788-2947-4d66-9d33-1275d2757278))
[ComponentId] Registered Area2D -> Local(7) Stable(Stable(42ac8ac3-53d6-40ca-9f7e-5daee2548ba6))
[ComponentId] Registered StaticBody2D -> Local(8) Stable(Stable(56221147-3807-449e-8c88-e92544a47833))
[ComponentId] Registered RigidBody2D -> Local(9) Stable(Stable(8014592a-3375-4c07-ae29-598114227003))
[ComponentId] Registered CollisionShape2D -> Local(10) Stable(Stable(c9075775-7634-45e0-a006-037000784226))
[ComponentId] Registered PhysicsWorldState -> Local(11) Stable(Stable(fb4fe7e4-2244-48ea-9ec5-0a972a3861d4))
OverheadJitting  1: 1 op, 121417.00 ns, 121.4170 us/op
WorkloadJitting  1: 1 op, 220833.00 ns, 220.8330 us/op

OverheadJitting  2: 16 op, 102042.00 ns, 6.3776 us/op
WorkloadJitting  2: 16 op, 900166.00 ns, 56.2604 us/op

WorkloadPilot    1: 16 op, 752125.00 ns, 47.0078 us/op
WorkloadPilot    2: 32 op, 1647292.00 ns, 51.4779 us/op
WorkloadPilot    3: 64 op, 3115791.00 ns, 48.6842 us/op
WorkloadPilot    4: 128 op, 5682500.00 ns, 44.3945 us/op
WorkloadPilot    5: 256 op, 11080875.00 ns, 43.2847 us/op
WorkloadPilot    6: 512 op, 21668708.00 ns, 42.3217 us/op
WorkloadPilot    7: 1024 op, 42783250.00 ns, 41.7805 us/op
WorkloadPilot    8: 2048 op, 86071750.00 ns, 42.0272 us/op
WorkloadPilot    9: 4096 op, 165758791.00 ns, 40.4685 us/op
WorkloadPilot   10: 8192 op, 132484541.00 ns, 16.1724 us/op
WorkloadPilot   11: 16384 op, 148522875.00 ns, 9.0651 us/op
WorkloadPilot   12: 32768 op, 170369583.00 ns, 5.1993 us/op
WorkloadPilot   13: 65536 op, 336260333.00 ns, 5.1309 us/op
WorkloadPilot   14: 131072 op, 670513500.00 ns, 5.1156 us/op

OverheadWarmup   1: 131072 op, 265541.00 ns, 2.0259 ns/op
OverheadWarmup   2: 131072 op, 264333.00 ns, 2.0167 ns/op
OverheadWarmup   3: 131072 op, 288958.00 ns, 2.2046 ns/op
OverheadWarmup   4: 131072 op, 256625.00 ns, 1.9579 ns/op
OverheadWarmup   5: 131072 op, 271042.00 ns, 2.0679 ns/op
OverheadWarmup   6: 131072 op, 263042.00 ns, 2.0069 ns/op

OverheadActual   1: 131072 op, 261042.00 ns, 1.9916 ns/op
OverheadActual   2: 131072 op, 263417.00 ns, 2.0097 ns/op
OverheadActual   3: 131072 op, 263542.00 ns, 2.0107 ns/op
OverheadActual   4: 131072 op, 271292.00 ns, 2.0698 ns/op
OverheadActual   5: 131072 op, 256000.00 ns, 1.9531 ns/op
OverheadActual   6: 131072 op, 262875.00 ns, 2.0056 ns/op
OverheadActual   7: 131072 op, 267625.00 ns, 2.0418 ns/op
OverheadActual   8: 131072 op, 263166.00 ns, 2.0078 ns/op
OverheadActual   9: 131072 op, 262375.00 ns, 2.0018 ns/op
OverheadActual  10: 131072 op, 271292.00 ns, 2.0698 ns/op
OverheadActual  11: 131072 op, 256583.00 ns, 1.9576 ns/op
OverheadActual  12: 131072 op, 266667.00 ns, 2.0345 ns/op
OverheadActual  13: 131072 op, 257917.00 ns, 1.9678 ns/op
OverheadActual  14: 131072 op, 265167.00 ns, 2.0231 ns/op
OverheadActual  15: 131072 op, 264958.00 ns, 2.0215 ns/op

WorkloadWarmup   1: 131072 op, 672274042.00 ns, 5.1290 us/op
WorkloadWarmup   2: 131072 op, 672481792.00 ns, 5.1306 us/op

// BeforeActualRun
WorkloadActual   1: 131072 op, 690701416.00 ns, 5.2696 us/op
WorkloadActual   2: 131072 op, 680364083.00 ns, 5.1908 us/op
WorkloadActual   3: 131072 op, 674632500.00 ns, 5.1470 us/op
WorkloadActual   4: 131072 op, 673264875.00 ns, 5.1366 us/op
WorkloadActual   5: 131072 op, 674499375.00 ns, 5.1460 us/op

// AfterActualRun
WorkloadResult   1: 131072 op, 680100666.00 ns, 5.1888 us/op
WorkloadResult   2: 131072 op, 674369083.00 ns, 5.1450 us/op
WorkloadResult   3: 131072 op, 673001458.00 ns, 5.1346 us/op
WorkloadResult   4: 131072 op, 674235958.00 ns, 5.1440 us/op
// GC:  4 0 0 35652320 131072
// Threading:  0 0 131072

// AfterAll
// Benchmark Process 19573 has exited with code 0.

Mean = 5.153 μs, StdErr = 0.012 μs (0.24%), N = 4, StdDev = 0.024 μs
Min = 5.135 μs, Q1 = 5.142 μs, Median = 5.145 μs, Q3 = 5.156 μs, Max = 5.189 μs
IQR = 0.014 μs, LowerFence = 5.120 μs, UpperFence = 5.177 μs
ConfidenceInterval = [4.997 μs; 5.310 μs] (CI 99.9%), Margin = 0.157 μs (3.04% of Mean)
Skewness = 0.66, Kurtosis = 1.27, MValue = 2

// ** Remained 1 (50,0 %) benchmark(s) to run. Estimated finish 2026-03-26 12:33 (0h 0m from now) **
// **************************
// Benchmark: PhysicsBakeBenchmark.PhysicsRebake: Job-NFZOMQ(Runtime=.NET 8.0, IterationCount=5, WarmupCount=2)
// *** Execute ***
// Launch: 1 / 1
// Execute: dotnet 0cbfdf3a-0f47-43f9-909d-3777c463001f.dll --anonymousPipes 119 120 --benchmarkName Deterministic.GameFramework.Navigation.Benchmarks.PhysicsBakeBenchmark.PhysicsRebake --job "Runtime=.NET 8.0, IterationCount=5, WarmupCount=2" --benchmarkId 1 in /Users/a1/Documents/GitHub/PizzaJam2026/Server/Framework/Benchmarks/Deterministic.GameFramework.Navigation.Benchmarks/bin/Release/net8.0/0cbfdf3a-0f47-43f9-909d-3777c463001f/bin/Release/net8.0
// Failed to set up high priority (Permission denied). In order to run benchmarks with high priority, make sure you have the right permissions.
// BeforeAnythingElse

// Benchmark Process Environment Information:
// BenchmarkDotNet v0.13.12
// Runtime=.NET 8.0.19 (8.0.1925.36514), Arm64 RyuJIT AdvSIMD
// GC=Concurrent Workstation
// HardwareIntrinsics=AdvSIMD,AES,CRC32,DP,RDM,SHA1,SHA256 VectorSize=128
// Job: Job-MRWKZL(IterationCount=5, WarmupCount=2)

[ComponentId] Registered World -> Local(0) Stable(Stable(00000000-0000-0000-0000-000072b3622d))
[ComponentId] Registered Transform2D -> Local(1) Stable(Stable(aafea77a-2300-4eef-9ffc-071170bb9a26))
[ComponentId] Registered NavigationRegion2D -> Local(2) Stable(Stable(b7e2a1c3-4d56-4f89-a012-3e4f5a6b7c8d))
[ComponentId] Registered NavigationAgent2D -> Local(3) Stable(Stable(c8f3b2d4-5e67-4a90-b123-4f5a6b7c8d9e))
[ComponentId] Registered NavigationObstacle2D -> Local(4) Stable(Stable(d9a4c3e5-6f78-4b01-c234-5a6b7c8d9e0f))
[ComponentId] Registered NavigationWorld2D -> Local(5) Stable(Stable(ea5b4d6c-7f89-4012-d345-6a7b8c9d0e1f))
[ComponentId] Registered CharacterBody2D -> Local(6) Stable(Stable(1f3b7788-2947-4d66-9d33-1275d2757278))
[ComponentId] Registered Area2D -> Local(7) Stable(Stable(42ac8ac3-53d6-40ca-9f7e-5daee2548ba6))
[ComponentId] Registered StaticBody2D -> Local(8) Stable(Stable(56221147-3807-449e-8c88-e92544a47833))
[ComponentId] Registered RigidBody2D -> Local(9) Stable(Stable(8014592a-3375-4c07-ae29-598114227003))
[ComponentId] Registered CollisionShape2D -> Local(10) Stable(Stable(c9075775-7634-45e0-a006-037000784226))
[ComponentId] Registered PhysicsWorldState -> Local(11) Stable(Stable(fb4fe7e4-2244-48ea-9ec5-0a972a3861d4))
OverheadJitting  1: 1 op, 150708.00 ns, 150.7080 us/op
WorkloadJitting  1: 1 op, 55502250.00 ns, 55.5022 ms/op

WorkloadPilot    1: 2 op, 104015375.00 ns, 52.0077 ms/op
WorkloadPilot    2: 3 op, 155282833.00 ns, 51.7609 ms/op
WorkloadPilot    3: 4 op, 171277375.00 ns, 42.8193 ms/op
WorkloadPilot    4: 5 op, 75461458.00 ns, 15.0923 ms/op
WorkloadPilot    5: 6 op, 90441333.00 ns, 15.0736 ms/op
WorkloadPilot    6: 7 op, 108545916.00 ns, 15.5066 ms/op
WorkloadPilot    7: 8 op, 117818458.00 ns, 14.7273 ms/op
WorkloadPilot    8: 9 op, 134096416.00 ns, 14.8996 ms/op
WorkloadPilot    9: 10 op, 146283625.00 ns, 14.6284 ms/op
WorkloadPilot   10: 11 op, 161268375.00 ns, 14.6608 ms/op
WorkloadPilot   11: 12 op, 175594500.00 ns, 14.6329 ms/op
WorkloadPilot   12: 13 op, 189641542.00 ns, 14.5878 ms/op
WorkloadPilot   13: 14 op, 204941708.00 ns, 14.6387 ms/op
WorkloadPilot   14: 15 op, 219679334.00 ns, 14.6453 ms/op
WorkloadPilot   15: 16 op, 235764625.00 ns, 14.7353 ms/op
WorkloadPilot   16: 32 op, 475657375.00 ns, 14.8643 ms/op
WorkloadPilot   17: 64 op, 940590667.00 ns, 14.6967 ms/op

WorkloadWarmup   1: 64 op, 939033834.00 ns, 14.6724 ms/op
WorkloadWarmup   2: 64 op, 935241417.00 ns, 14.6131 ms/op

// BeforeActualRun
WorkloadActual   1: 64 op, 936781417.00 ns, 14.6372 ms/op
WorkloadActual   2: 64 op, 937667500.00 ns, 14.6511 ms/op
WorkloadActual   3: 64 op, 939824959.00 ns, 14.6848 ms/op
WorkloadActual   4: 64 op, 939699291.00 ns, 14.6828 ms/op
WorkloadActual   5: 64 op, 944340208.00 ns, 14.7553 ms/op

// AfterActualRun
WorkloadResult   1: 64 op, 936781417.00 ns, 14.6372 ms/op
WorkloadResult   2: 64 op, 937667500.00 ns, 14.6511 ms/op
WorkloadResult   3: 64 op, 939824959.00 ns, 14.6848 ms/op
WorkloadResult   4: 64 op, 939699291.00 ns, 14.6828 ms/op
// GC:  0 0 0 425696 64
// Threading:  0 0 64

// AfterAll
// Benchmark Process 19577 has exited with code 0.

Mean = 14.664 ms, StdErr = 0.012 ms (0.08%), N = 4, StdDev = 0.024 ms
Min = 14.637 ms, Q1 = 14.648 ms, Median = 14.667 ms, Q3 = 14.683 ms, Max = 14.685 ms
IQR = 0.036 ms, LowerFence = 14.594 ms, UpperFence = 14.737 ms
ConfidenceInterval = [14.511 ms; 14.816 ms] (CI 99.9%), Margin = 0.152 ms (1.04% of Mean)
Skewness = -0.11, Kurtosis = 0.69, MValue = 2

// ** Remained 0 (0,0 %) benchmark(s) to run. Estimated finish 2026-03-26 12:33 (0h 0m from now) **
// ***** BenchmarkRunner: Finish  *****

// * Export *
  BenchmarkDotNet.Artifacts/results/Deterministic.GameFramework.Navigation.Benchmarks.PhysicsBakeBenchmark-report.csv
  BenchmarkDotNet.Artifacts/results/Deterministic.GameFramework.Navigation.Benchmarks.PhysicsBakeBenchmark-report-github.md
  BenchmarkDotNet.Artifacts/results/Deterministic.GameFramework.Navigation.Benchmarks.PhysicsBakeBenchmark-report.html

// * Detailed results *
PhysicsBakeBenchmark.SteadyState: Job-NFZOMQ(Runtime=.NET 8.0, IterationCount=5, WarmupCount=2)
Runtime = .NET 8.0.19 (8.0.1925.36514), Arm64 RyuJIT AdvSIMD; GC = Concurrent Workstation
Mean = 5.153 μs, StdErr = 0.012 μs (0.24%), N = 4, StdDev = 0.024 μs
Min = 5.135 μs, Q1 = 5.142 μs, Median = 5.145 μs, Q3 = 5.156 μs, Max = 5.189 μs
IQR = 0.014 μs, LowerFence = 5.120 μs, UpperFence = 5.177 μs
ConfidenceInterval = [4.997 μs; 5.310 μs] (CI 99.9%), Margin = 0.157 μs (3.04% of Mean)
Skewness = 0.66, Kurtosis = 1.27, MValue = 2
-------------------- Histogram --------------------
[5.115 μs ; 5.209 μs) | @@@@
---------------------------------------------------

PhysicsBakeBenchmark.PhysicsRebake: Job-NFZOMQ(Runtime=.NET 8.0, IterationCount=5, WarmupCount=2)
Runtime = .NET 8.0.19 (8.0.1925.36514), Arm64 RyuJIT AdvSIMD; GC = Concurrent Workstation
Mean = 14.664 ms, StdErr = 0.012 ms (0.08%), N = 4, StdDev = 0.024 ms
Min = 14.637 ms, Q1 = 14.648 ms, Median = 14.667 ms, Q3 = 14.683 ms, Max = 14.685 ms
IQR = 0.036 ms, LowerFence = 14.594 ms, UpperFence = 14.737 ms
ConfidenceInterval = [14.511 ms; 14.816 ms] (CI 99.9%), Margin = 0.152 ms (1.04% of Mean)
Skewness = -0.11, Kurtosis = 0.69, MValue = 2
-------------------- Histogram --------------------
[14.618 ms ; 14.704 ms) | @@@@
---------------------------------------------------

// * Summary *

BenchmarkDotNet v0.13.12, macOS 26.3 (25D125) [Darwin 25.3.0]
Apple M2 Pro, 1 CPU, 10 logical and 10 physical cores
.NET SDK 10.0.105
  [Host]     : .NET 8.0.19 (8.0.1925.36514), Arm64 RyuJIT AdvSIMD
  Job-NFZOMQ : .NET 8.0.19 (8.0.1925.36514), Arm64 RyuJIT AdvSIMD

Runtime=.NET 8.0  IterationCount=5  WarmupCount=2  

| Method        | Mean          | Error       | StdDev     | Ratio    | RatioSD | Gen0   | Allocated | Alloc Ratio |
|-------------- |--------------:|------------:|-----------:|---------:|--------:|-------:|----------:|------------:|
| SteadyState   |      5.153 μs |   0.1566 μs |  0.0242 μs |     1.00 |    0.00 | 0.0305 |     272 B |        1.00 |
| PhysicsRebake | 14,663.958 μs | 152.4617 μs | 23.5936 μs | 2,845.72 |   17.27 |      - |    6652 B |       24.46 |

// * Hints *
Outliers
  PhysicsBakeBenchmark.SteadyState: Runtime=.NET 8.0, IterationCount=5, WarmupCount=2   -> 1 outlier  was  removed (5.27 μs)
  PhysicsBakeBenchmark.PhysicsRebake: Runtime=.NET 8.0, IterationCount=5, WarmupCount=2 -> 1 outlier  was  removed (14.76 ms)

// * Legends *
  Mean        : Arithmetic mean of all measurements
  Error       : Half of 99.9% confidence interval
  StdDev      : Standard deviation of all measurements
  Ratio       : Mean of the ratio distribution ([Current]/[Baseline])
  RatioSD     : Standard deviation of the ratio distribution ([Current]/[Baseline])
  Gen0        : GC Generation 0 collects per 1000 operations
  Allocated   : Allocated memory per single operation (managed only, inclusive, 1KB = 1024B)
  Alloc Ratio : Allocated memory ratio distribution ([Current]/[Baseline])
  1 μs        : 1 Microsecond (0.000001 sec)

// * Diagnostic Output - MemoryDiagnoser *


// ***** BenchmarkRunner: End *****
Run time: 00:00:19 (19.04 sec), executed benchmarks: 2

Global total time: 00:00:25 (25.19 sec), executed benchmarks: 2
// * Artifacts cleanup *
Artifacts cleanup is finished
